Java HotSpot(TM) 64-Bit Server VM (25.261-b12) for windows-amd64 JRE (1.8.0_261-b12), built on Jun 18 2020 06:56:32 by "" with unknown MS VC++:1916
Memory: 4k page, physical 33482804k(12500280k free), swap 40426976k(8624048k free)
CommandLine flags: -XX:InitialHeapSize=536870912 -XX:InitialTenuringThreshold=1 -XX:MaxHeapSize=536870912 -XX:MaxNewSize=1048576 -XX:MaxTenuringThreshold=1 -XX:NewSize=1048576 -XX:PretenureSizeThreshold=50 -XX:+PrintGC -XX:+PrintGCDetails -XX:+PrintGCTimeStamps -XX:+UseCompressedClassPointers -XX:+UseCompressedOops -XX:-UseLargePagesIndividualAllocation -XX:+UseSerialGC 
0.068: [GC (Allocation Failure) 0.068: [DefNew: 896K->63K(960K), 0.0008354 secs] 1061K->626K(524224K), 0.0009249 secs] [Times: user=0.00 sys=0.00, real=0.00 secs] 
0.085: [GC (Allocation Failure) 0.085: [DefNew: 959K->64K(960K), 0.0007462 secs] 1776K->1387K(524224K), 0.0007828 secs] [Times: user=0.00 sys=0.00, real=0.00 secs] 
0.089: [GC (Allocation Failure) 0.089: [DefNew: 960K->64K(960K), 0.0009958 secs] 2347K->2293K(524224K), 0.0010359 secs] [Times: user=0.00 sys=0.00, real=0.00 secs] 
0.092: [GC (Allocation Failure) 0.092: [DefNew: 960K->63K(960K), 0.0007786 secs] 3223K->3219K(524224K), 0.0008067 secs] [Times: user=0.00 sys=0.00, real=0.00 secs] 
0.097: [GC (Allocation Failure) 0.097: [DefNew: 959K->64K(960K), 0.0007668 secs] 4116K->4113K(524224K), 0.0007973 secs] [Times: user=0.00 sys=0.00, real=0.00 secs] 
0.100: [GC (Allocation Failure) 0.100: [DefNew: 960K->63K(960K), 0.0007921 secs] 5074K->5064K(524224K), 0.0008206 secs] [Times: user=0.00 sys=0.00, real=0.00 secs] 
0.103: [GC (Allocation Failure) 0.103: [DefNew: 959K->64K(960K), 0.0008663 secs] 5969K->5961K(524224K), 0.0009010 secs] [Times: user=0.00 sys=0.00, real=0.00 secs] 
0.106: [GC (Allocation Failure) 0.106: [DefNew: 960K->63K(960K), 0.0009290 secs] 6859K->6842K(524224K), 0.0009643 secs] [Times: user=0.00 sys=0.00, real=0.00 secs] 
0.111: [GC (Allocation Failure) 0.111: [DefNew: 959K->63K(960K), 0.0009329 secs] 7764K->7747K(524224K), 0.0009677 secs] [Times: user=0.00 sys=0.00, real=0.00 secs] 
0.116: [GC (Allocation Failure) 0.116: [DefNew: 959K->63K(960K), 0.0012166 secs] 8830K->8805K(524224K), 0.0012538 secs] [Times: user=0.00 sys=0.02, real=0.00 secs] 
0.119: [GC (Allocation Failure) 0.119: [DefNew: 959K->63K(960K), 0.0011345 secs] 9703K->9689K(524224K), 0.0011736 secs] [Times: user=0.00 sys=0.00, real=0.00 secs] 
0.123: [GC (Allocation Failure) 0.123: [DefNew: 959K->63K(960K), 0.0013542 secs] 10586K->10579K(524224K), 0.0014062 secs] [Times: user=0.00 sys=0.00, real=0.00 secs] 
0.126: [GC (Allocation Failure) 0.126: [DefNew: 959K->64K(960K), 0.0009331 secs] 11477K->11449K(524224K), 0.0009611 secs] [Times: user=0.00 sys=0.00, real=0.00 secs] 
0.131: [GC (Allocation Failure) 0.131: [DefNew: 960K->63K(960K), 0.0008354 secs] 12346K->12288K(524224K), 0.0008590 secs] [Times: user=0.00 sys=0.00, real=0.00 secs] 
0.134: [GC (Allocation Failure) 0.134: [DefNew: 959K->63K(960K), 0.0009436 secs] 13185K->13137K(524224K), 0.0009705 secs] [Times: user=0.00 sys=0.00, real=0.00 secs] 
0.139: [GC (Allocation Failure) 0.139: [DefNew: 959K->63K(960K), 0.0010588 secs] 14033K->14003K(524224K), 0.0010941 secs] [Times: user=0.00 sys=0.00, real=0.00 secs] 
0.142: [GC (Allocation Failure) 0.142: [DefNew: 959K->64K(960K), 0.0010260 secs] 14899K->14872K(524224K), 0.0010595 secs] [Times: user=0.00 sys=0.00, real=0.00 secs] 
0.146: [GC (Allocation Failure) 0.146: [DefNew: 960K->64K(960K), 0.0011613 secs] 16025K->15967K(524224K), 0.0011943 secs] [Times: user=0.00 sys=0.00, real=0.00 secs] 
0.149: [GC (Allocation Failure) 0.149: [DefNew: 960K->63K(960K), 0.0010920 secs] 16864K->16821K(524224K), 0.0011278 secs] [Times: user=0.00 sys=0.00, real=0.00 secs] 
0.154: [GC (Allocation Failure) 0.154: [DefNew: 959K->64K(960K), 0.0013374 secs] 17718K->17711K(524224K), 0.0013771 secs] [Times: user=0.00 sys=0.00, real=0.00 secs] 
0.157: [GC (Allocation Failure) 0.157: [DefNew: 960K->63K(960K), 0.0011249 secs] 18607K->18596K(524224K), 0.0011547 secs] [Times: user=0.00 sys=0.00, real=0.00 secs] 
0.161: [GC (Allocation Failure) 0.161: [DefNew: 959K->63K(960K), 0.0012671 secs] 19492K->19463K(524224K), 0.0013008 secs] [Times: user=0.00 sys=0.00, real=0.00 secs] 
0.164: [GC (Allocation Failure) 0.164: [DefNew: 959K->64K(960K), 0.0018096 secs] 20360K->20314K(524224K), 0.0018715 secs] [Times: user=0.00 sys=0.00, real=0.00 secs] 
0.170: [GC (Allocation Failure) 0.170: [DefNew: 960K->63K(960K), 0.0012035 secs] 21211K->21191K(524224K), 0.0012355 secs] [Times: user=0.00 sys=0.00, real=0.00 secs] 
0.173: [GC (Allocation Failure) 0.173: [DefNew: 959K->63K(960K), 0.0012489 secs] 22088K->22071K(524224K), 0.0012817 secs] [Times: user=0.00 sys=0.00, real=0.00 secs] 
0.178: [GC (Allocation Failure) 0.178: [DefNew: 959K->64K(960K), 0.0013095 secs] 22967K->22954K(524224K), 0.0013522 secs] [Times: user=0.00 sys=0.00, real=0.00 secs] 
0.183: [GC (Allocation Failure) 0.183: [DefNew: 960K->63K(960K), 0.0014331 secs] 23852K->23822K(524224K), 0.0014735 secs] [Times: user=0.00 sys=0.00, real=0.00 secs] 
0.186: [GC (Allocation Failure) 0.186: [DefNew: 959K->63K(960K), 0.0014425 secs] 24718K->24708K(524224K), 0.0014864 secs] [Times: user=0.00 sys=0.00, real=0.00 secs] 
0.191: [GC (Allocation Failure) 0.191: [DefNew: 959K->63K(960K), 0.0013805 secs] 25606K->25595K(524224K), 0.0014242 secs] [Times: user=0.00 sys=0.00, real=0.00 secs] 
0.194: [GC (Allocation Failure) 0.194: [DefNew: 959K->64K(960K), 0.0013632 secs] 26491K->26479K(524224K), 0.0013991 secs] [Times: user=0.01 sys=0.00, real=0.00 secs] 
0.199: [GC (Allocation Failure) 0.199: [DefNew: 960K->63K(960K), 0.0014769 secs] 27375K->27363K(524224K), 0.0015142 secs] [Times: user=0.00 sys=0.00, real=0.00 secs] 
0.202: [GC (Allocation Failure) 0.202: [DefNew: 959K->63K(960K), 0.0014073 secs] 28261K->28247K(524224K), 0.0014370 secs] [Times: user=0.00 sys=0.00, real=0.00 secs] 
0.206: [GC (Allocation Failure) 0.206: [DefNew: 959K->63K(960K), 0.0013365 secs] 29143K->29134K(524224K), 0.0013737 secs] [Times: user=0.00 sys=0.00, real=0.00 secs] 
0.209: [GC (Allocation Failure) 0.209: [DefNew: 959K->64K(960K), 0.0017151 secs] 30542K->30510K(524224K), 0.0017507 secs] [Times: user=0.00 sys=0.00, real=0.00 secs] 
0.214: [GC (Allocation Failure) 0.214: [DefNew: 960K->63K(960K), 0.0015364 secs] 31407K->31397K(524224K), 0.0015686 secs] [Times: user=0.00 sys=0.00, real=0.00 secs] 
0.217: [GC (Allocation Failure) 0.217: [DefNew: 959K->63K(960K), 0.0014311 secs] 32293K->32280K(524224K), 0.0014589 secs] [Times: user=0.00 sys=0.00, real=0.00 secs] 
0.221: [GC (Allocation Failure) 0.221: [DefNew: 959K->64K(960K), 0.0015039 secs] 33176K->33150K(524224K), 0.0015372 secs] [Times: user=0.00 sys=0.00, real=0.00 secs] 
0.223: [GC (Allocation Failure) 0.223: [DefNew: 960K->64K(960K), 0.0014498 secs] 34047K->34037K(524224K), 0.0014777 secs] [Times: user=0.00 sys=0.00, real=0.00 secs] 
0.228: [GC (Allocation Failure) 0.228: [DefNew: 960K->64K(960K), 0.0015338 secs] 34933K->34922K(524224K), 0.0015707 secs] [Times: user=0.00 sys=0.00, real=0.00 secs] 
0.231: [GC (Allocation Failure) 0.231: [DefNew: 960K->63K(960K), 0.0015172 secs] 35819K->35808K(524224K), 0.0015502 secs] [Times: user=0.00 sys=0.00, real=0.00 secs] 
0.237: [GC (Allocation Failure) 0.237: [DefNew: 959K->64K(960K), 0.0015558 secs] 36705K->36686K(524224K), 0.0015890 secs] [Times: user=0.00 sys=0.00, real=0.00 secs] 
0.240: [GC (Allocation Failure) 0.240: [DefNew: 960K->64K(960K), 0.0015347 secs] 37582K->37555K(524224K), 0.0015631 secs] [Times: user=0.00 sys=0.00, real=0.00 secs] 
0.245: [GC (Allocation Failure) 0.245: [DefNew: 960K->63K(960K), 0.0015874 secs] 38452K->38391K(524224K), 0.0016286 secs] [Times: user=0.00 sys=0.00, real=0.00 secs] 
0.247: [GC (Allocation Failure) 0.247: [DefNew: 959K->63K(960K), 0.0013641 secs] 39288K->39254K(524224K), 0.0013927 secs] [Times: user=0.00 sys=0.00, real=0.00 secs] 
0.251: [GC (Allocation Failure) 0.251: [DefNew: 959K->64K(960K), 0.0013408 secs] 40151K->40079K(524224K), 0.0013654 secs] [Times: user=0.00 sys=0.00, real=0.00 secs] 
0.255: [GC (Allocation Failure) 0.255: [DefNew: 960K->64K(960K), 0.0014849 secs] 40976K->40873K(524224K), 0.0015254 secs] [Times: user=0.00 sys=0.00, real=0.00 secs] 
0.258: [GC (Allocation Failure) 0.258: [DefNew: 960K->64K(960K), 0.0014615 secs] 41770K->41734K(524224K), 0.0014917 secs] [Times: user=0.00 sys=0.00, real=0.00 secs] 
0.263: [GC (Allocation Failure) 0.263: [DefNew: 960K->63K(960K), 0.0015459 secs] 42630K->42585K(524224K), 0.0015817 secs] [Times: user=0.00 sys=0.00, real=0.00 secs] 
0.266: [GC (Allocation Failure) 0.266: [DefNew: 959K->63K(960K), 0.0014670 secs] 43482K->43447K(524224K), 0.0014946 secs] [Times: user=0.00 sys=0.00, real=0.00 secs] 
0.271: [GC (Allocation Failure) 0.271: [DefNew: 959K->63K(960K), 0.0015050 secs] 44344K->44280K(524224K), 0.0015414 secs] [Times: user=0.00 sys=0.00, real=0.00 secs] 
0.274: [GC (Allocation Failure) 0.274: [DefNew: 959K->64K(960K), 0.0014388 secs] 45177K->45153K(524224K), 0.0014805 secs] [Times: user=0.00 sys=0.00, real=0.00 secs] 
0.279: [GC (Allocation Failure) 0.279: [DefNew: 960K->64K(960K), 0.0014357 secs] 46049K->46018K(524224K), 0.0014659 secs] [Times: user=0.00 sys=0.00, real=0.00 secs] 
0.282: [GC (Allocation Failure) 0.282: [DefNew: 960K->63K(960K), 0.0013827 secs] 46914K->46866K(524224K), 0.0014131 secs] [Times: user=0.00 sys=0.00, real=0.00 secs] 
0.287: [GC (Allocation Failure) 0.287: [DefNew: 959K->64K(960K), 0.0015654 secs] 47762K->47728K(524224K), 0.0015996 secs] [Times: user=0.00 sys=0.00, real=0.00 secs] 
0.291: [GC (Allocation Failure) 0.291: [DefNew: 960K->63K(960K), 0.0015554 secs] 48624K->48602K(524224K), 0.0015923 secs] [Times: user=0.00 sys=0.00, real=0.00 secs] 
0.296: [GC (Allocation Failure) 0.296: [DefNew: 959K->64K(960K), 0.0014596 secs] 49498K->49476K(524224K), 0.0014893 secs] [Times: user=0.00 sys=0.00, real=0.00 secs] 
0.299: [GC (Allocation Failure) 0.299: [DefNew: 960K->63K(960K), 0.0013673 secs] 50372K->50334K(524224K), 0.0013927 secs] [Times: user=0.00 sys=0.00, real=0.00 secs] 
0.303: [GC (Allocation Failure) 0.303: [DefNew: 959K->63K(960K), 0.0024881 secs] 51231K->51194K(524224K), 0.0025304 secs] [Times: user=0.03 sys=0.00, real=0.00 secs] 
0.307: [GC (Allocation Failure) 0.307: [DefNew: 959K->64K(960K), 0.0015603 secs] 52090K->52068K(524224K), 0.0015987 secs] [Times: user=0.00 sys=0.00, real=0.00 secs] 
0.311: [GC (Allocation Failure) 0.311: [DefNew: 960K->63K(960K), 0.0015452 secs] 52964K->52924K(524224K), 0.0015742 secs] [Times: user=0.00 sys=0.00, real=0.00 secs] 
0.313: [GC (Allocation Failure) 0.313: [DefNew: 959K->63K(960K), 0.0014542 secs] 53821K->53746K(524224K), 0.0014798 secs] [Times: user=0.00 sys=0.00, real=0.00 secs] 
0.317: [GC (Allocation Failure) 0.317: [DefNew: 959K->63K(960K), 0.0014124 secs] 54642K->54609K(524224K), 0.0014415 secs] [Times: user=0.00 sys=0.00, real=0.00 secs] 
0.320: [GC (Allocation Failure) 0.320: [DefNew: 959K->63K(960K), 0.0014626 secs] 55506K->55466K(524224K), 0.0014918 secs] [Times: user=0.02 sys=0.00, real=0.00 secs] 
0.324: [GC (Allocation Failure) 0.324: [DefNew: 959K->63K(960K), 0.0015499 secs] 56362K->56329K(524224K), 0.0015872 secs] [Times: user=0.00 sys=0.00, real=0.00 secs] 
0.327: [GC (Allocation Failure) 0.327: [DefNew: 959K->63K(960K), 0.0014297 secs] 57226K->57194K(524224K), 0.0014592 secs] [Times: user=0.00 sys=0.00, real=0.00 secs] 
0.335: [GC (Allocation Failure) 0.335: [DefNew: 959K->64K(960K), 0.0025953 secs] 59114K->59095K(524224K), 0.0026389 secs] [Times: user=0.02 sys=0.00, real=0.00 secs] 
0.340: [GC (Allocation Failure) 0.340: [DefNew: 960K->63K(960K), 0.0016711 secs] 59991K->59957K(524224K), 0.0017234 secs] [Times: user=0.00 sys=0.00, real=0.00 secs] 
0.345: [GC (Allocation Failure) 0.345: [DefNew: 959K->63K(960K), 0.0015812 secs] 60853K->60835K(524224K), 0.0016135 secs] [Times: user=0.00 sys=0.00, real=0.00 secs] 
0.349: [GC (Allocation Failure) 0.349: [DefNew: 959K->64K(960K), 0.0015964 secs] 61731K->61705K(524224K), 0.0016246 secs] [Times: user=0.00 sys=0.00, real=0.00 secs] 
0.354: [GC (Allocation Failure) 0.354: [DefNew: 960K->64K(960K), 0.0017596 secs] 62601K->62574K(524224K), 0.0018101 secs] [Times: user=0.00 sys=0.00, real=0.00 secs] 
0.358: [GC (Allocation Failure) 0.358: [DefNew: 960K->63K(960K), 0.0016022 secs] 63470K->63450K(524224K), 0.0016352 secs] [Times: user=0.00 sys=0.00, real=0.00 secs] 
0.364: [GC (Allocation Failure) 0.364: [DefNew: 959K->63K(960K), 0.0015844 secs] 64347K->64330K(524224K), 0.0016154 secs] [Times: user=0.00 sys=0.00, real=0.00 secs] 
0.368: [GC (Allocation Failure) 0.368: [DefNew: 959K->64K(960K), 0.0015647 secs] 65228K->65204K(524224K), 0.0015956 secs] [Times: user=0.00 sys=0.00, real=0.00 secs] 
0.373: [GC (Allocation Failure) 0.373: [DefNew: 960K->63K(960K), 0.0016450 secs] 66100K->66085K(524224K), 0.0016907 secs] [Times: user=0.00 sys=0.00, real=0.00 secs] 
0.377: [GC (Allocation Failure) 0.377: [DefNew: 959K->64K(960K), 0.0016792 secs] 66981K->66969K(524224K), 0.0017089 secs] [Times: user=0.00 sys=0.00, real=0.00 secs] 
0.383: [GC (Allocation Failure) 0.383: [DefNew: 960K->64K(960K), 0.0018504 secs] 67866K->67838K(524224K), 0.0018833 secs] [Times: user=0.00 sys=0.00, real=0.00 secs] 
0.388: [GC (Allocation Failure) 0.388: [DefNew: 960K->64K(960K), 0.0016902 secs] 68734K->68715K(524224K), 0.0017211 secs] [Times: user=0.00 sys=0.00, real=0.00 secs] 
0.393: [GC (Allocation Failure) 0.393: [DefNew: 960K->63K(960K), 0.0016631 secs] 69613K->69596K(524224K), 0.0016932 secs] [Times: user=0.00 sys=0.00, real=0.00 secs] 
0.397: [GC (Allocation Failure) 0.397: [DefNew: 959K->63K(960K), 0.0016665 secs] 70492K->70461K(524224K), 0.0016974 secs] [Times: user=0.02 sys=0.00, real=0.00 secs] 
0.402: [GC (Allocation Failure) 0.402: [DefNew: 959K->63K(960K), 0.0016556 secs] 71358K->71339K(524224K), 0.0016841 secs] [Times: user=0.00 sys=0.00, real=0.00 secs] 
0.407: [GC (Allocation Failure) 0.407: [DefNew: 959K->64K(960K), 0.0017107 secs] 72235K->72214K(524224K), 0.0017438 secs] [Times: user=0.00 sys=0.00, real=0.00 secs] 
0.411: [GC (Allocation Failure) 0.411: [DefNew: 960K->64K(960K), 0.0017208 secs] 73111K->73092K(524224K), 0.0017504 secs] [Times: user=0.00 sys=0.00, real=0.00 secs] 
0.415: [GC (Allocation Failure) 0.415: [DefNew: 960K->64K(960K), 0.0016564 secs] 73990K->73954K(524224K), 0.0016856 secs] [Times: user=0.00 sys=0.00, real=0.00 secs] 
0.419: [GC (Allocation Failure) 0.419: [DefNew: 960K->63K(960K), 0.0019779 secs] 74851K->74824K(524224K), 0.0020236 secs] [Times: user=0.00 sys=0.00, real=0.00 secs] 
0.423: [GC (Allocation Failure) 0.423: [DefNew: 959K->63K(960K), 0.0015201 secs] 75720K->75707K(524224K), 0.0015546 secs] [Times: user=0.00 sys=0.00, real=0.00 secs] 
0.427: [GC (Allocation Failure) 0.427: [DefNew: 959K->63K(960K), 0.0016353 secs] 76605K->76592K(524224K), 0.0016635 secs] [Times: user=0.00 sys=0.00, real=0.00 secs] 
0.431: [GC (Allocation Failure) 0.431: [DefNew: 959K->63K(960K), 0.0021311 secs] 77488K->77468K(524224K), 0.0021608 secs] [Times: user=0.00 sys=0.00, real=0.00 secs] 
0.436: [GC (Allocation Failure) 0.436: [DefNew: 959K->63K(960K), 0.0015420 secs] 78365K->78349K(524224K), 0.0015752 secs] [Times: user=0.00 sys=0.00, real=0.00 secs] 
0.440: [GC (Allocation Failure) 0.440: [DefNew: 959K->63K(960K), 0.0016217 secs] 79245K->79238K(524224K), 0.0016623 secs] [Times: user=0.00 sys=0.00, real=0.00 secs] 
0.444: [GC (Allocation Failure) 0.444: [DefNew: 959K->64K(960K), 0.0015843 secs] 80135K->80116K(524224K), 0.0016275 secs] [Times: user=0.01 sys=0.00, real=0.00 secs] 
0.449: [GC (Allocation Failure) 0.449: [DefNew: 960K->64K(960K), 0.0015704 secs] 81013K->81001K(524224K), 0.0016065 secs] [Times: user=0.00 sys=0.00, real=0.00 secs] 
0.452: [GC (Allocation Failure) 0.452: [DefNew: 960K->63K(960K), 0.0016531 secs] 81898K->81883K(524224K), 0.0016809 secs] [Times: user=0.00 sys=0.00, real=0.00 secs] 
0.456: [GC (Allocation Failure) 0.456: [DefNew: 959K->63K(960K), 0.0015954 secs] 82780K->82763K(524224K), 0.0016286 secs] [Times: user=0.00 sys=0.00, real=0.00 secs] 
0.460: [GC (Allocation Failure) 0.460: [DefNew: 959K->64K(960K), 0.0017785 secs] 83660K->83643K(524224K), 0.0018098 secs] [Times: user=0.02 sys=0.00, real=0.00 secs] 
0.464: [GC (Allocation Failure) 0.465: [DefNew: 960K->64K(960K), 0.0020447 secs] 84540K->84525K(524224K), 0.0021719 secs] [Times: user=0.00 sys=0.00, real=0.00 secs] 
0.470: [GC (Allocation Failure) 0.470: [DefNew: 960K->63K(960K), 0.0019996 secs] 85421K->85414K(524224K), 0.0020412 secs] [Times: user=0.00 sys=0.00, real=0.00 secs] 
0.473: [GC (Allocation Failure) 0.473: [DefNew: 959K->63K(960K), 0.0018752 secs] 86312K->86307K(524224K), 0.0019087 secs] [Times: user=0.00 sys=0.00, real=0.00 secs] 
0.479: [GC (Allocation Failure) 0.479: [DefNew: 959K->63K(960K), 0.0017893 secs] 87204K->87193K(524224K), 0.0018286 secs] [Times: user=0.00 sys=0.00, real=0.00 secs] 
0.482: [GC (Allocation Failure) 0.482: [DefNew: 959K->63K(960K), 0.0016923 secs] 88089K->88082K(524224K), 0.0017425 secs] [Times: user=0.00 sys=0.00, real=0.00 secs] 
0.488: [GC (Allocation Failure) 0.488: [DefNew: 959K->64K(960K), 0.0017628 secs] 88979K->88971K(524224K), 0.0018030 secs] [Times: user=0.00 sys=0.00, real=0.00 secs] 
0.491: [GC (Allocation Failure) 0.491: [DefNew: 960K->63K(960K), 0.0017720 secs] 89867K->89858K(524224K), 0.0018048 secs] [Times: user=0.01 sys=0.00, real=0.00 secs] 
0.497: [GC (Allocation Failure) 0.497: [DefNew: 959K->64K(960K), 0.0016782 secs] 90756K->90748K(524224K), 0.0017223 secs] [Times: user=0.00 sys=0.00, real=0.00 secs] 
0.501: [GC (Allocation Failure) 0.501: [DefNew: 960K->63K(960K), 0.0018606 secs] 91644K->91636K(524224K), 0.0018930 secs] [Times: user=0.00 sys=0.00, real=0.00 secs] 
0.506: [GC (Allocation Failure) 0.506: [DefNew: 959K->63K(960K), 0.0016923 secs] 92532K->92525K(524224K), 0.0017303 secs] [Times: user=0.00 sys=0.00, real=0.00 secs] 
0.510: [GC (Allocation Failure) 0.510: [DefNew: 959K->63K(960K), 0.0017390 secs] 93421K->93414K(524224K), 0.0017791 secs] [Times: user=0.00 sys=0.00, real=0.00 secs] 
0.516: [GC (Allocation Failure) 0.516: [DefNew: 959K->64K(960K), 0.0018796 secs] 94311K->94304K(524224K), 0.0019189 secs] [Times: user=0.00 sys=0.00, real=0.00 secs] 
0.519: [GC (Allocation Failure) 0.519: [DefNew: 960K->64K(960K), 0.0017593 secs] 95200K->95193K(524224K), 0.0017933 secs] [Times: user=0.00 sys=0.00, real=0.00 secs] 
0.525: [GC (Allocation Failure) 0.525: [DefNew: 960K->63K(960K), 0.0019953 secs] 96090K->96083K(524224K), 0.0020429 secs] [Times: user=0.00 sys=0.00, real=0.00 secs] 
0.528: [GC (Allocation Failure) 0.528: [DefNew: 959K->63K(960K), 0.0018015 secs] 96980K->96974K(524224K), 0.0018298 secs] [Times: user=0.00 sys=0.00, real=0.00 secs] 
0.532: [GC (Allocation Failure) 0.532: [DefNew: 959K->63K(960K), 0.0017643 secs] 97871K->97858K(524224K), 0.0017950 secs] [Times: user=0.00 sys=0.00, real=0.00 secs] 
0.536: [GC (Allocation Failure) 0.536: [DefNew: 959K->63K(960K), 0.0016611 secs] 98754K->98744K(524224K), 0.0016936 secs] [Times: user=0.00 sys=0.00, real=0.00 secs] 
0.542: [GC (Allocation Failure) 0.542: [DefNew: 959K->64K(960K), 0.0018401 secs] 99642K->99636K(524224K), 0.0018791 secs] [Times: user=0.00 sys=0.00, real=0.00 secs] 
0.546: [GC (Allocation Failure) 0.546: [DefNew: 960K->63K(960K), 0.0016357 secs] 100532K->100527K(524224K), 0.0016695 secs] [Times: user=0.00 sys=0.00, real=0.00 secs] 
0.551: [GC (Allocation Failure) 0.551: [DefNew: 959K->63K(960K), 0.0018527 secs] 101424K->101415K(524224K), 0.0018980 secs] [Times: user=0.00 sys=0.00, real=0.00 secs] 
0.555: [GC (Allocation Failure) 0.555: [DefNew: 959K->63K(960K), 0.0018209 secs] 102311K->102304K(524224K), 0.0018590 secs] [Times: user=0.00 sys=0.00, real=0.00 secs] 
0.561: [GC (Allocation Failure) 0.561: [DefNew: 959K->63K(960K), 0.0017633 secs] 103201K->103197K(524224K), 0.0018040 secs] [Times: user=0.00 sys=0.00, real=0.00 secs] 
0.565: [GC (Allocation Failure) 0.565: [DefNew: 959K->64K(960K), 0.0019524 secs] 104093K->104084K(524224K), 0.0019915 secs] [Times: user=0.00 sys=0.00, real=0.00 secs] 
0.570: [GC (Allocation Failure) 0.570: [DefNew: 960K->63K(960K), 0.0019884 secs] 104980K->104974K(524224K), 0.0020306 secs] [Times: user=0.00 sys=0.00, real=0.00 secs] 
0.574: [GC (Allocation Failure) 0.574: [DefNew: 959K->63K(960K), 0.0016824 secs] 105870K->105864K(524224K), 0.0017309 secs] [Times: user=0.00 sys=0.00, real=0.00 secs] 
0.579: [GC (Allocation Failure) 0.579: [DefNew: 959K->64K(960K), 0.0017302 secs] 106762K->106753K(524224K), 0.0017595 secs] [Times: user=0.00 sys=0.00, real=0.00 secs] 
0.583: [GC (Allocation Failure) 0.583: [DefNew: 960K->64K(960K), 0.0018760 secs] 107649K->107640K(524224K), 0.0019075 secs] [Times: user=0.00 sys=0.00, real=0.00 secs] 
0.588: [GC (Allocation Failure) 0.588: [DefNew: 960K->63K(960K), 0.0019272 secs] 108537K->108527K(524224K), 0.0019700 secs] [Times: user=0.00 sys=0.00, real=0.00 secs] 
0.594: [GC (Allocation Failure) 0.594: [DefNew: 959K->64K(960K), 0.0016674 secs] 109423K->109415K(524224K), 0.0016988 secs] [Times: user=0.00 sys=0.00, real=0.00 secs] 
0.597: [GC (Allocation Failure) 0.597: [DefNew: 960K->63K(960K), 0.0018130 secs] 110312K->110304K(524224K), 0.0018432 secs] [Times: user=0.00 sys=0.00, real=0.00 secs] 
0.602: [GC (Allocation Failure) 0.602: [DefNew: 959K->63K(960K), 0.0017214 secs] 111201K->111191K(524224K), 0.0017568 secs] [Times: user=0.00 sys=0.00, real=0.00 secs] 
0.606: [GC (Allocation Failure) 0.606: [DefNew: 959K->64K(960K), 0.0017483 secs] 112088K->112082K(524224K), 0.0017878 secs] [Times: user=0.00 sys=0.00, real=0.00 secs] 
0.611: [GC (Allocation Failure) 0.611: [DefNew: 960K->64K(960K), 0.0018610 secs] 112979K->112972K(524224K), 0.0018935 secs] [Times: user=0.00 sys=0.00, real=0.00 secs] 
0.615: [GC (Allocation Failure) 0.615: [DefNew: 960K->63K(960K), 0.0019672 secs] 113868K->113862K(524224K), 0.0020048 secs] [Times: user=0.00 sys=0.02, real=0.00 secs] 
0.620: [GC (Allocation Failure) 0.620: [DefNew: 959K->64K(960K), 0.0018981 secs] 114759K->114751K(524224K), 0.0019469 secs] [Times: user=0.00 sys=0.00, real=0.00 secs] 
0.632: [GC (Allocation Failure) 0.632: [DefNew: 960K->64K(960K), 0.0041437 secs] 117698K->117681K(524224K), 0.0041862 secs] [Times: user=0.02 sys=0.00, real=0.00 secs] 
0.640: [GC (Allocation Failure) 0.640: [DefNew: 960K->63K(960K), 0.0019560 secs] 118577K->118566K(524224K), 0.0019948 secs] [Times: user=0.00 sys=0.00, real=0.00 secs] 
0.644: [GC (Allocation Failure) 0.644: [DefNew: 959K->64K(960K), 0.0018676 secs] 119463K->119450K(524224K), 0.0019003 secs] [Times: user=0.00 sys=0.00, real=0.00 secs] 
0.650: [GC (Allocation Failure) 0.650: [DefNew: 960K->63K(960K), 0.0018990 secs] 120346K->120338K(524224K), 0.0019362 secs] [Times: user=0.00 sys=0.00, real=0.00 secs] 
0.653: [GC (Allocation Failure) 0.653: [DefNew: 959K->63K(960K), 0.0018819 secs] 121235K->121221K(524224K), 0.0019188 secs] [Times: user=0.00 sys=0.00, real=0.00 secs] 
0.658: [GC (Allocation Failure) 0.658: [DefNew: 959K->64K(960K), 0.0018366 secs] 122117K->122110K(524224K), 0.0018730 secs] [Times: user=0.00 sys=0.00, real=0.00 secs] 
0.662: [GC (Allocation Failure) 0.662: [DefNew: 960K->63K(960K), 0.0019937 secs] 123006K->122986K(524224K), 0.0020223 secs] [Times: user=0.02 sys=0.00, real=0.00 secs] 
0.668: [GC (Allocation Failure) 0.668: [DefNew: 959K->63K(960K), 0.0018382 secs] 123883K->123870K(524224K), 0.0018730 secs] [Times: user=0.00 sys=0.00, real=0.00 secs] 
0.672: [GC (Allocation Failure) 0.672: [DefNew: 959K->63K(960K), 0.0019305 secs] 124766K->124756K(524224K), 0.0019731 secs] [Times: user=0.00 sys=0.00, real=0.00 secs] 
0.678: [GC (Allocation Failure) 0.678: [DefNew: 959K->63K(960K), 0.0020755 secs] 125652K->125646K(524224K), 0.0021152 secs] [Times: user=0.00 sys=0.02, real=0.00 secs] 
0.682: [GC (Allocation Failure) 0.682: [DefNew: 959K->63K(960K), 0.0020026 secs] 126542K->126534K(524224K), 0.0020471 secs] [Times: user=0.00 sys=0.00, real=0.00 secs] 
0.687: [GC (Allocation Failure) 0.687: [DefNew: 959K->63K(960K), 0.0020982 secs] 127430K->127425K(524224K), 0.0021393 secs] [Times: user=0.00 sys=0.00, real=0.00 secs] 
0.690: [GC (Allocation Failure) 0.690: [DefNew: 959K->63K(960K), 0.0019787 secs] 128321K->128313K(524224K), 0.0020163 secs] [Times: user=0.00 sys=0.00, real=0.00 secs] 
0.696: [GC (Allocation Failure) 0.696: [DefNew: 959K->63K(960K), 0.0020967 secs] 129210K->129203K(524224K), 0.0021440 secs] [Times: user=0.00 sys=0.00, real=0.00 secs] 
0.699: [GC (Allocation Failure) 0.699: [DefNew: 959K->63K(960K), 0.0018476 secs] 130099K->130090K(524224K), 0.0018814 secs] [Times: user=0.00 sys=0.00, real=0.00 secs] 
0.705: [GC (Allocation Failure) 0.705: [DefNew: 959K->63K(960K), 0.0023002 secs] 130987K->130980K(524224K), 0.0023569 secs] [Times: user=0.00 sys=0.00, real=0.00 secs] 
0.709: [GC (Allocation Failure) 0.709: [DefNew: 959K->63K(960K), 0.0020898 secs] 131877K->131870K(524224K), 0.0021348 secs] [Times: user=0.02 sys=0.00, real=0.00 secs] 
0.715: [GC (Allocation Failure) 0.715: [DefNew: 959K->64K(960K), 0.0025992 secs] 132766K->132762K(524224K), 0.0026566 secs] [Times: user=0.00 sys=0.00, real=0.00 secs] 
0.720: [GC (Allocation Failure) 0.720: [DefNew: 960K->63K(960K), 0.0021439 secs] 133658K->133652K(524224K), 0.0021922 secs] [Times: user=0.00 sys=0.00, real=0.00 secs] 
0.726: [GC (Allocation Failure) 0.726: [DefNew: 959K->63K(960K), 0.0032927 secs] 134548K->134542K(524224K), 0.0033526 secs] [Times: user=0.02 sys=0.00, real=0.00 secs] 
0.733: [GC (Allocation Failure) 0.733: [DefNew: 959K->63K(960K), 0.0025883 secs] 135439K->135434K(524224K), 0.0026416 secs] [Times: user=0.00 sys=0.00, real=0.00 secs] 
0.738: [GC (Allocation Failure) 0.738: [DefNew: 959K->63K(960K), 0.0020527 secs] 136330K->136320K(524224K), 0.0020931 secs] [Times: user=0.00 sys=0.00, real=0.00 secs] 
0.744: [GC (Allocation Failure) 0.744: [DefNew: 959K->64K(960K), 0.0028609 secs] 137217K->137211K(524224K), 0.0029186 secs] [Times: user=0.00 sys=0.00, real=0.00 secs] 
0.749: [GC (Allocation Failure) 0.749: [DefNew: 960K->64K(960K), 0.0031843 secs] 138107K->138102K(524224K), 0.0032354 secs] [Times: user=0.00 sys=0.00, real=0.00 secs] 
0.756: [GC (Allocation Failure) 0.756: [DefNew: 960K->64K(960K), 0.0027286 secs] 138999K->138992K(524224K), 0.0027861 secs] [Times: user=0.01 sys=0.00, real=0.00 secs] 
0.761: [GC (Allocation Failure) 0.761: [DefNew: 960K->63K(960K), 0.0026029 secs] 139888K->139884K(524224K), 0.0026627 secs] [Times: user=0.00 sys=0.00, real=0.00 secs] 
0.767: [GC (Allocation Failure) 0.768: [DefNew: 959K->63K(960K), 0.0031612 secs] 140780K->140774K(524224K), 0.0032212 secs] [Times: user=0.00 sys=0.00, real=0.00 secs] 
0.773: [GC (Allocation Failure) 0.773: [DefNew: 959K->63K(960K), 0.0027539 secs] 141670K->141666K(524224K), 0.0028068 secs] [Times: user=0.02 sys=0.00, real=0.00 secs] 
0.779: [GC (Allocation Failure) 0.779: [DefNew: 959K->63K(960K), 0.0027121 secs] 142562K->142556K(524224K), 0.0027728 secs] [Times: user=0.00 sys=0.00, real=0.00 secs] 
0.785: [GC (Allocation Failure) 0.785: [DefNew: 959K->63K(960K), 0.0020630 secs] 143452K->143447K(524224K), 0.0021072 secs] [Times: user=0.00 sys=0.00, real=0.00 secs] 
0.790: [GC (Allocation Failure) 0.790: [DefNew: 959K->63K(960K), 0.0026671 secs] 144343K->144339K(524224K), 0.0027268 secs] [Times: user=0.00 sys=0.00, real=0.00 secs] 
0.796: [GC (Allocation Failure) 0.796: [DefNew: 959K->63K(960K), 0.0020076 secs] 145235K->145228K(524224K), 0.0020554 secs] [Times: user=0.00 sys=0.00, real=0.00 secs] 
0.801: [GC (Allocation Failure) 0.801: [DefNew: 959K->64K(960K), 0.0019752 secs] 146125K->146120K(524224K), 0.0020192 secs] [Times: user=0.00 sys=0.00, real=0.00 secs] 
0.806: [GC (Allocation Failure) 0.806: [DefNew: 960K->64K(960K), 0.0024965 secs] 147016K->147008K(524224K), 0.0025508 secs] [Times: user=0.00 sys=0.00, real=0.00 secs] 
0.812: [GC (Allocation Failure) 0.812: [DefNew: 960K->63K(960K), 0.0023334 secs] 147905K->147900K(524224K), 0.0023828 secs] [Times: user=0.00 sys=0.00, real=0.00 secs] 
0.817: [GC (Allocation Failure) 0.817: [DefNew: 959K->64K(960K), 0.0023768 secs] 148796K->148791K(524224K), 0.0024342 secs] [Times: user=0.00 sys=0.00, real=0.00 secs] 
0.822: [GC (Allocation Failure) 0.822: [DefNew: 960K->63K(960K), 0.0025710 secs] 149688K->149683K(524224K), 0.0026262 secs] [Times: user=0.00 sys=0.00, real=0.00 secs] 
0.828: [GC (Allocation Failure) 0.828: [DefNew: 959K->64K(960K), 0.0020246 secs] 150579K->150573K(524224K), 0.0020667 secs] [Times: user=0.00 sys=0.00, real=0.00 secs] 
0.833: [GC (Allocation Failure) 0.833: [DefNew: 960K->63K(960K), 0.0023446 secs] 151470K->151465K(524224K), 0.0023975 secs] [Times: user=0.00 sys=0.00, real=0.00 secs] 
0.839: [GC (Allocation Failure) 0.839: [DefNew: 959K->63K(960K), 0.0019669 secs] 152361K->152354K(524224K), 0.0020097 secs] [Times: user=0.00 sys=0.00, real=0.00 secs] 
0.845: [GC (Allocation Failure) 0.845: [DefNew: 959K->63K(960K), 0.0023806 secs] 153250K->153243K(524224K), 0.0024267 secs] [Times: user=0.00 sys=0.00, real=0.00 secs] 
0.851: [GC (Allocation Failure) 0.851: [DefNew: 959K->64K(960K), 0.0020254 secs] 154139K->154133K(524224K), 0.0020788 secs] [Times: user=0.00 sys=0.00, real=0.00 secs] 
0.855: [GC (Allocation Failure) 0.855: [DefNew: 960K->63K(960K), 0.0019737 secs] 155030K->155025K(524224K), 0.0020147 secs] [Times: user=0.00 sys=0.00, real=0.00 secs] 
0.861: [GC (Allocation Failure) 0.861: [DefNew: 959K->63K(960K), 0.0026621 secs] 155921K->155914K(524224K), 0.0027140 secs] [Times: user=0.00 sys=0.00, real=0.00 secs] 
0.866: [GC (Allocation Failure) 0.866: [DefNew: 959K->63K(960K), 0.0025481 secs] 156811K->156803K(524224K), 0.0025944 secs] [Times: user=0.01 sys=0.00, real=0.00 secs] 
0.873: [GC (Allocation Failure) 0.873: [DefNew: 959K->63K(960K), 0.0020044 secs] 157699K->157694K(524224K), 0.0020513 secs] [Times: user=0.00 sys=0.00, real=0.00 secs] 
0.877: [GC (Allocation Failure) 0.877: [DefNew: 959K->63K(960K), 0.0019617 secs] 158591K->158586K(524224K), 0.0020047 secs] [Times: user=0.00 sys=0.00, real=0.00 secs] 
0.883: [GC (Allocation Failure) 0.883: [DefNew: 959K->64K(960K), 0.0024769 secs] 159482K->159476K(524224K), 0.0025236 secs] [Times: user=0.00 sys=0.00, real=0.00 secs] 
0.888: [GC (Allocation Failure) 0.888: [DefNew: 960K->63K(960K), 0.0021747 secs] 160374K->160367K(524224K), 0.0022204 secs] [Times: user=0.00 sys=0.00, real=0.00 secs] 
0.894: [GC (Allocation Failure) 0.894: [DefNew: 959K->63K(960K), 0.0018753 secs] 161263K->161255K(524224K), 0.0019138 secs] [Times: user=0.00 sys=0.00, real=0.00 secs] 
0.898: [GC (Allocation Failure) 0.898: [DefNew: 959K->64K(960K), 0.0018649 secs] 162151K->162144K(524224K), 0.0018960 secs] [Times: user=0.00 sys=0.00, real=0.00 secs] 
0.904: [GC (Allocation Failure) 0.904: [DefNew: 960K->63K(960K), 0.0019427 secs] 163040K->163035K(524224K), 0.0019781 secs] [Times: user=0.00 sys=0.00, real=0.00 secs] 
0.908: [GC (Allocation Failure) 0.908: [DefNew: 959K->64K(960K), 0.0018222 secs] 163931K->163925K(524224K), 0.0018511 secs] [Times: user=0.00 sys=0.00, real=0.00 secs] 
0.914: [GC (Allocation Failure) 0.914: [DefNew: 960K->64K(960K), 0.0019224 secs] 164821K->164814K(524224K), 0.0019590 secs] [Times: user=0.00 sys=0.00, real=0.00 secs] 
0.918: [GC (Allocation Failure) 0.918: [DefNew: 960K->63K(960K), 0.0019010 secs] 165710K->165703K(524224K), 0.0019359 secs] [Times: user=0.00 sys=0.00, real=0.00 secs] 
0.924: [GC (Allocation Failure) 0.924: [DefNew: 959K->64K(960K), 0.0018994 secs] 166599K->166594K(524224K), 0.0019369 secs] [Times: user=0.00 sys=0.00, real=0.00 secs] 
0.928: [GC (Allocation Failure) 0.928: [DefNew: 960K->63K(960K), 0.0018842 secs] 167491K->167485K(524224K), 0.0019207 secs] [Times: user=0.00 sys=0.01, real=0.00 secs] 
0.934: [GC (Allocation Failure) 0.934: [DefNew: 959K->63K(960K), 0.0019520 secs] 168381K->168376K(524224K), 0.0019983 secs] [Times: user=0.00 sys=0.00, real=0.00 secs] 
0.938: [GC (Allocation Failure) 0.938: [DefNew: 959K->63K(960K), 0.0019979 secs] 169273K->169268K(524224K), 0.0020428 secs] [Times: user=0.00 sys=0.00, real=0.00 secs] 
0.944: [GC (Allocation Failure) 0.944: [DefNew: 959K->63K(960K), 0.0020227 secs] 170164K->170157K(524224K), 0.0020669 secs] [Times: user=0.02 sys=0.00, real=0.00 secs] 
0.950: [GC (Allocation Failure) 0.950: [DefNew: 959K->63K(960K), 0.0020909 secs] 171053K->171048K(524224K), 0.0021300 secs] [Times: user=0.00 sys=0.00, real=0.00 secs] 
0.954: [GC (Allocation Failure) 0.954: [DefNew: 959K->64K(960K), 0.0019910 secs] 171944K->171937K(524224K), 0.0020265 secs] [Times: user=0.00 sys=0.00, real=0.00 secs] 
0.960: [GC (Allocation Failure) 0.960: [DefNew: 960K->63K(960K), 0.0019452 secs] 172835K->172829K(524224K), 0.0019850 secs] [Times: user=0.02 sys=0.00, real=0.00 secs] 
0.964: [GC (Allocation Failure) 0.964: [DefNew: 959K->64K(960K), 0.0019752 secs] 173725K->173718K(524224K), 0.0020238 secs] [Times: user=0.00 sys=0.00, real=0.00 secs] 
0.970: [GC (Allocation Failure) 0.970: [DefNew: 960K->63K(960K), 0.0034059 secs] 174614K->174607K(524224K), 0.0034711 secs] [Times: user=0.00 sys=0.00, real=0.00 secs] 
0.976: [GC (Allocation Failure) 0.976: [DefNew: 959K->63K(960K), 0.0027109 secs] 175504K->175499K(524224K), 0.0027710 secs] [Times: user=0.02 sys=0.00, real=0.00 secs] 
0.983: [GC (Allocation Failure) 0.983: [DefNew: 959K->63K(960K), 0.0021863 secs] 176395K->176390K(524224K), 0.0022403 secs] [Times: user=0.00 sys=0.00, real=0.00 secs] 
0.987: [GC (Allocation Failure) 0.987: [DefNew: 959K->64K(960K), 0.0024880 secs] 177287K->177281K(524224K), 0.0025386 secs] [Times: user=0.00 sys=0.00, real=0.00 secs] 
0.994: [GC (Allocation Failure) 0.994: [DefNew: 960K->64K(960K), 0.0020498 secs] 178179K->178174K(524224K), 0.0021047 secs] [Times: user=0.00 sys=0.00, real=0.00 secs] 
0.998: [GC (Allocation Failure) 0.998: [DefNew: 960K->63K(960K), 0.0025925 secs] 179071K->179064K(524224K), 0.0026551 secs] [Times: user=0.00 sys=0.00, real=0.00 secs] 
1.005: [GC (Allocation Failure) 1.005: [DefNew: 959K->64K(960K), 0.0023158 secs] 179960K->179955K(524224K), 0.0023638 secs] [Times: user=0.00 sys=0.00, real=0.00 secs] 
1.009: [GC (Allocation Failure) 1.009: [DefNew: 960K->63K(960K), 0.0021871 secs] 180851K->180846K(524224K), 0.0022372 secs] [Times: user=0.00 sys=0.00, real=0.00 secs] 
1.015: [GC (Allocation Failure) 1.015: [DefNew: 959K->63K(960K), 0.0033483 secs] 181742K->181737K(524224K), 0.0034099 secs] [Times: user=0.00 sys=0.00, real=0.00 secs] 
1.021: [GC (Allocation Failure) 1.021: [DefNew: 959K->64K(960K), 0.0022306 secs] 182687K->182645K(524224K), 0.0022878 secs] [Times: user=0.00 sys=0.00, real=0.00 secs] 
1.025: [GC (Allocation Failure) 1.025: [DefNew: 960K->64K(960K), 0.0019954 secs] 183549K->183534K(524224K), 0.0020477 secs] [Times: user=0.00 sys=0.00, real=0.00 secs] 
1.031: [GC (Allocation Failure) 1.031: [DefNew: 960K->64K(960K), 0.0029245 secs] 184549K->184482K(524224K), 0.0029903 secs] [Times: user=0.00 sys=0.00, real=0.00 secs] 
1.036: [GC (Allocation Failure) 1.036: [DefNew: 960K->63K(960K), 0.0021654 secs] 185388K->185361K(524224K), 0.0022224 secs] [Times: user=0.00 sys=0.00, real=0.00 secs] 
1.042: [GC (Allocation Failure) 1.042: [DefNew: 959K->64K(960K), 0.0029046 secs] 186357K->186294K(524224K), 0.0029566 secs] [Times: user=0.00 sys=0.00, real=0.00 secs] 
1.047: [GC (Allocation Failure) 1.047: [DefNew: 960K->63K(960K), 0.0020936 secs] 187247K->187166K(524224K), 0.0021489 secs] [Times: user=0.00 sys=0.00, real=0.00 secs] 
1.053: [GC (Allocation Failure) 1.053: [DefNew: 959K->63K(960K), 0.0019853 secs] 188118K->188103K(524224K), 0.0020338 secs] [Times: user=0.02 sys=0.00, real=0.00 secs] 
1.057: [GC (Allocation Failure) 1.057: [DefNew: 959K->63K(960K), 0.0021722 secs] 189003K->189001K(524224K), 0.0022167 secs] [Times: user=0.00 sys=0.00, real=0.00 secs] 
1.063: [GC (Allocation Failure) 1.063: [DefNew: 959K->63K(960K), 0.0021335 secs] 189955K->189938K(524224K), 0.0021746 secs] [Times: user=0.00 sys=0.00, real=0.00 secs] 
1.067: [GC (Allocation Failure) 1.067: [DefNew: 959K->63K(960K), 0.0020290 secs] 190837K->190826K(524224K), 0.0020584 secs] [Times: user=0.00 sys=0.00, real=0.00 secs] 
1.073: [GC (Allocation Failure) 1.073: [DefNew: 959K->63K(960K), 0.0019649 secs] 191752K->191739K(524224K), 0.0020107 secs] [Times: user=0.00 sys=0.00, real=0.00 secs] 
1.077: [GC (Allocation Failure) 1.077: [DefNew: 959K->63K(960K), 0.0021440 secs] 192701K->192685K(524224K), 0.0021801 secs] [Times: user=0.00 sys=0.00, real=0.00 secs] 
1.083: [GC (Allocation Failure) 1.083: [DefNew: 959K->63K(960K), 0.0021480 secs] 193582K->193578K(524224K), 0.0021820 secs] [Times: user=0.00 sys=0.00, real=0.00 secs] 
1.087: [GC (Allocation Failure) 1.087: [DefNew: 959K->63K(960K), 0.0021310 secs] 194475K->194471K(524224K), 0.0021667 secs] [Times: user=0.00 sys=0.00, real=0.00 secs] 
1.092: [GC (Allocation Failure) 1.092: [DefNew: 959K->63K(960K), 0.0019077 secs] 195368K->195362K(524224K), 0.0019376 secs] [Times: user=0.00 sys=0.00, real=0.00 secs] 
1.095: [GC (Allocation Failure) 1.095: [DefNew: 959K->63K(960K), 0.0019650 secs] 196259K->196251K(524224K), 0.0019921 secs] [Times: user=0.00 sys=0.00, real=0.00 secs] 
1.100: [GC (Allocation Failure) 1.100: [DefNew: 959K->63K(960K), 0.0019042 secs] 197149K->197142K(524224K), 0.0019308 secs] [Times: user=0.00 sys=0.02, real=0.00 secs] 
1.104: [GC (Allocation Failure) 1.104: [DefNew: 959K->63K(960K), 0.0020510 secs] 198038K->198031K(524224K), 0.0020888 secs] [Times: user=0.00 sys=0.00, real=0.00 secs] 
1.110: [GC (Allocation Failure) 1.110: [DefNew: 959K->64K(960K), 0.0021413 secs] 198927K->198921K(524224K), 0.0021786 secs] [Times: user=0.00 sys=0.00, real=0.00 secs] 
1.114: [GC (Allocation Failure) 1.114: [DefNew: 960K->63K(960K), 0.0020479 secs] 199817K->199810K(524224K), 0.0020780 secs] [Times: user=0.00 sys=0.00, real=0.00 secs] 
1.120: [GC (Allocation Failure) 1.120: [DefNew: 959K->64K(960K), 0.0022275 secs] 200707K->200702K(524224K), 0.0022741 secs] [Times: user=0.00 sys=0.00, real=0.00 secs] 
1.125: [GC (Allocation Failure) 1.125: [DefNew: 960K->63K(960K), 0.0018971 secs] 201598K->201592K(524224K), 0.0019318 secs] [Times: user=0.00 sys=0.00, real=0.00 secs] 
1.129: [GC (Allocation Failure) 1.129: [DefNew: 959K->63K(960K), 0.0019621 secs] 202489K->202483K(524224K), 0.0019891 secs] [Times: user=0.00 sys=0.00, real=0.00 secs] 
1.133: [GC (Allocation Failure) 1.133: [DefNew: 959K->63K(960K), 0.0021834 secs] 203381K->203370K(524224K), 0.0022271 secs] [Times: user=0.00 sys=0.00, real=0.00 secs] 
1.138: [GC (Allocation Failure) 1.138: [DefNew: 959K->64K(960K), 0.0019039 secs] 204266K->204258K(524224K), 0.0019367 secs] [Times: user=0.00 sys=0.00, real=0.00 secs] 
1.143: [GC (Allocation Failure) 1.143: [DefNew: 960K->63K(960K), 0.0019080 secs] 205156K->205149K(524224K), 0.0019370 secs] [Times: user=0.00 sys=0.00, real=0.00 secs] 
1.148: [GC (Allocation Failure) 1.148: [DefNew: 959K->64K(960K), 0.0019162 secs] 206046K->206040K(524224K), 0.0019450 secs] [Times: user=0.02 sys=0.00, real=0.00 secs] 
1.152: [GC (Allocation Failure) 1.152: [DefNew: 960K->64K(960K), 0.0020173 secs] 206937K->206930K(524224K), 0.0020477 secs] [Times: user=0.00 sys=0.00, real=0.00 secs] 
1.157: [GC (Allocation Failure) 1.157: [DefNew: 960K->64K(960K), 0.0020255 secs] 207826K->207820K(524224K), 0.0020535 secs] [Times: user=0.00 sys=0.00, real=0.00 secs] 
1.162: [GC (Allocation Failure) 1.162: [DefNew: 960K->63K(960K), 0.0019823 secs] 208716K->208711K(524224K), 0.0020093 secs] [Times: user=0.02 sys=0.00, real=0.00 secs] 
1.167: [GC (Allocation Failure) 1.167: [DefNew: 959K->64K(960K), 0.0020288 secs] 209608K->209601K(524224K), 0.0020576 secs] [Times: user=0.00 sys=0.00, real=0.00 secs] 
1.172: [GC (Allocation Failure) 1.172: [DefNew: 960K->63K(960K), 0.0022381 secs] 210497K->210492K(524224K), 0.0022736 secs] [Times: user=0.00 sys=0.00, real=0.00 secs] 
1.176: [GC (Allocation Failure) 1.176: [DefNew: 959K->63K(960K), 0.0021038 secs] 211391K->211385K(524224K), 0.0021313 secs] [Times: user=0.00 sys=0.00, real=0.00 secs] 
1.180: [GC (Allocation Failure) 1.180: [DefNew: 959K->63K(960K), 0.0020505 secs] 212281K->212274K(524224K), 0.0020882 secs] [Times: user=0.00 sys=0.00, real=0.00 secs] 
1.184: [GC (Allocation Failure) 1.184: [DefNew: 959K->63K(960K), 0.0019476 secs] 213170K->213164K(524224K), 0.0019770 secs] [Times: user=0.00 sys=0.00, real=0.00 secs] 
1.189: [GC (Allocation Failure) 1.189: [DefNew: 959K->63K(960K), 0.0021169 secs] 214060K->214053K(524224K), 0.0021509 secs] [Times: user=0.00 sys=0.00, real=0.00 secs] 
1.193: [GC (Allocation Failure) 1.193: [DefNew: 959K->64K(960K), 0.0020983 secs] 214949K->214941K(524224K), 0.0021275 secs] [Times: user=0.00 sys=0.00, real=0.00 secs] 
1.197: [GC (Allocation Failure) 1.197: [DefNew: 960K->63K(960K), 0.0018910 secs] 215837K->215832K(524224K), 0.0019307 secs] [Times: user=0.00 sys=0.00, real=0.00 secs] 
1.201: [GC (Allocation Failure) 1.201: [DefNew: 959K->63K(960K), 0.0019854 secs] 216728K->216721K(524224K), 0.0020182 secs] [Times: user=0.00 sys=0.00, real=0.00 secs] 
1.205: [GC (Allocation Failure) 1.205: [DefNew: 959K->64K(960K), 0.0019029 secs] 217620K->217613K(524224K), 0.0019374 secs] [Times: user=0.00 sys=0.00, real=0.00 secs] 
1.209: [GC (Allocation Failure) 1.209: [DefNew: 960K->63K(960K), 0.0020239 secs] 218511K->218502K(524224K), 0.0020526 secs] [Times: user=0.00 sys=0.00, real=0.00 secs] 
1.213: [GC (Allocation Failure) 1.213: [DefNew: 959K->63K(960K), 0.0019969 secs] 219398K->219390K(524224K), 0.0020280 secs] [Times: user=0.00 sys=0.00, real=0.00 secs] 
1.217: [GC (Allocation Failure) 1.217: [DefNew: 959K->63K(960K), 0.0018823 secs] 220286K->220279K(524224K), 0.0019143 secs] [Times: user=0.00 sys=0.00, real=0.00 secs] 
1.222: [GC (Allocation Failure) 1.222: [DefNew: 959K->64K(960K), 0.0021707 secs] 221176K->221170K(524224K), 0.0022061 secs] [Times: user=0.00 sys=0.00, real=0.00 secs] 
1.226: [GC (Allocation Failure) 1.226: [DefNew: 960K->63K(960K), 0.0021958 secs] 222067K->222060K(524224K), 0.0022348 secs] [Times: user=0.02 sys=0.00, real=0.00 secs] 
1.231: [GC (Allocation Failure) 1.231: [DefNew: 959K->63K(960K), 0.0020182 secs] 222958K->222952K(524224K), 0.0020621 secs] [Times: user=0.00 sys=0.00, real=0.00 secs] 
1.236: [GC (Allocation Failure) 1.236: [DefNew: 959K->63K(960K), 0.0019396 secs] 223849K->223842K(524224K), 0.0019724 secs] [Times: user=0.00 sys=0.00, real=0.00 secs] 
1.241: [GC (Allocation Failure) 1.241: [DefNew: 959K->64K(960K), 0.0019587 secs] 224739K->224734K(524224K), 0.0020176 secs] [Times: user=0.02 sys=0.00, real=0.00 secs] 
1.245: [GC (Allocation Failure) 1.246: [DefNew: 960K->63K(960K), 0.0019488 secs] 225630K->225624K(524224K), 0.0019873 secs] [Times: user=0.00 sys=0.00, real=0.00 secs] 
1.251: [GC (Allocation Failure) 1.251: [DefNew: 959K->63K(960K), 0.0019675 secs] 226520K->226515K(524224K), 0.0020062 secs] [Times: user=0.00 sys=0.00, real=0.00 secs] 
1.256: [GC (Allocation Failure) 1.256: [DefNew: 959K->63K(960K), 0.0022482 secs] 227412K->227407K(524224K), 0.0022911 secs] [Times: user=0.01 sys=0.00, real=0.00 secs] 
1.259: [GC (Allocation Failure) 1.259: [DefNew: 959K->63K(960K), 0.0021539 secs] 228303K->228297K(524224K), 0.0021880 secs] [Times: user=0.00 sys=0.00, real=0.00 secs] 
1.265: [GC (Allocation Failure) 1.265: [DefNew: 959K->63K(960K), 0.0019786 secs] 229195K->229190K(524224K), 0.0020118 secs] [Times: user=0.00 sys=0.00, real=0.00 secs] 
1.269: [GC (Allocation Failure) 1.269: [DefNew: 959K->63K(960K), 0.0021496 secs] 230086K->230080K(524224K), 0.0021825 secs] [Times: user=0.00 sys=0.00, real=0.00 secs] 
1.290: [GC (Allocation Failure) 1.290: [DefNew: 959K->63K(960K), 0.0075418 secs] 235074K->235059K(524224K), 0.0076027 secs] [Times: user=0.00 sys=0.00, real=0.01 secs] 
1.301: [GC (Allocation Failure) 1.301: [DefNew: 959K->63K(960K), 0.0023743 secs] 235955K->235946K(524224K), 0.0024144 secs] [Times: user=0.00 sys=0.00, real=0.00 secs] 
1.304: [GC (Allocation Failure) 1.304: [DefNew: 959K->64K(960K), 0.0021805 secs] 236842K->236830K(524224K), 0.0022094 secs] [Times: user=0.01 sys=0.00, real=0.00 secs] 
1.309: [GC (Allocation Failure) 1.309: [DefNew: 960K->64K(960K), 0.0021400 secs] 237726K->237714K(524224K), 0.0021820 secs] [Times: user=0.00 sys=0.00, real=0.00 secs] 
1.313: [GC (Allocation Failure) 1.313: [DefNew: 960K->63K(960K), 0.0020364 secs] 238611K->238603K(524224K), 0.0020726 secs] [Times: user=0.00 sys=0.00, real=0.00 secs] 
1.318: [GC (Allocation Failure) 1.318: [DefNew: 959K->63K(960K), 0.0022644 secs] 239499K->239493K(524224K), 0.0022989 secs] [Times: user=0.00 sys=0.01, real=0.00 secs] 
1.322: [GC (Allocation Failure) 1.322: [DefNew: 959K->63K(960K), 0.0020778 secs] 240390K->240383K(524224K), 0.0021225 secs] [Times: user=0.00 sys=0.00, real=0.00 secs] 
1.327: [GC (Allocation Failure) 1.327: [DefNew: 959K->63K(960K), 0.0021594 secs] 241279K->241266K(524224K), 0.0021947 secs] [Times: user=0.00 sys=0.00, real=0.00 secs] 
1.330: [GC (Allocation Failure) 1.330: [DefNew: 959K->64K(960K), 0.0020422 secs] 242164K->242151K(524224K), 0.0020679 secs] [Times: user=0.00 sys=0.00, real=0.00 secs] 
1.334: [GC (Allocation Failure) 1.334: [DefNew: 960K->63K(960K), 0.0023398 secs] 243047K->243037K(524224K), 0.0023836 secs] [Times: user=0.02 sys=0.00, real=0.00 secs] 
1.339: [GC (Allocation Failure) 1.339: [DefNew: 959K->63K(960K), 0.0020154 secs] 243933K->243926K(524224K), 0.0020540 secs] [Times: user=0.00 sys=0.00, real=0.00 secs] 
1.343: [GC (Allocation Failure) 1.343: [DefNew: 959K->63K(960K), 0.0020157 secs] 244823K->244815K(524224K), 0.0020776 secs] [Times: user=0.00 sys=0.00, real=0.00 secs] 
1.349: [GC (Allocation Failure) 1.349: [DefNew: 959K->63K(960K), 0.0021679 secs] 245711K->245705K(524224K), 0.0022047 secs] [Times: user=0.00 sys=0.00, real=0.00 secs] 
1.353: [GC (Allocation Failure) 1.353: [DefNew: 959K->63K(960K), 0.0021031 secs] 246601K->246595K(524224K), 0.0021400 secs] [Times: user=0.00 sys=0.00, real=0.00 secs] 
1.359: [GC (Allocation Failure) 1.359: [DefNew: 959K->63K(960K), 0.0020606 secs] 247491K->247486K(524224K), 0.0021013 secs] [Times: user=0.00 sys=0.00, real=0.00 secs] 
1.363: [GC (Allocation Failure) 1.363: [DefNew: 959K->64K(960K), 0.0021269 secs] 248382K->248377K(524224K), 0.0021559 secs] [Times: user=0.00 sys=0.00, real=0.00 secs] 
1.369: [GC (Allocation Failure) 1.369: [DefNew: 960K->64K(960K), 0.0022383 secs] 249273K->249265K(524224K), 0.0022827 secs] [Times: user=0.00 sys=0.00, real=0.00 secs] 
1.373: [GC (Allocation Failure) 1.373: [DefNew: 960K->63K(960K), 0.0021390 secs] 250162K->250154K(524224K), 0.0021913 secs] [Times: user=0.00 sys=0.00, real=0.00 secs] 
1.379: [GC (Allocation Failure) 1.379: [DefNew: 959K->64K(960K), 0.0020271 secs] 251050K->251043K(524224K), 0.0020692 secs] [Times: user=0.00 sys=0.00, real=0.00 secs] 
1.383: [GC (Allocation Failure) 1.383: [DefNew: 960K->63K(960K), 0.0020504 secs] 251939K->251928K(524224K), 0.0020805 secs] [Times: user=0.00 sys=0.00, real=0.00 secs] 
1.389: [GC (Allocation Failure) 1.389: [DefNew: 959K->63K(960K), 0.0023908 secs] 252825K->252816K(524224K), 0.0024195 secs] [Times: user=0.00 sys=0.00, real=0.00 secs] 
1.392: [GC (Allocation Failure) 1.392: [DefNew: 959K->64K(960K), 0.0018881 secs] 253712K->253703K(524224K), 0.0019139 secs] [Times: user=0.00 sys=0.00, real=0.00 secs] 
1.397: [GC (Allocation Failure) 1.397: [DefNew: 960K->63K(960K), 0.0021799 secs] 254599K->254577K(524224K), 0.0022055 secs] [Times: user=0.00 sys=0.02, real=0.00 secs] 
1.401: [GC (Allocation Failure) 1.401: [DefNew: 959K->63K(960K), 0.0019228 secs] 255475K->255460K(524224K), 0.0019512 secs] [Times: user=0.00 sys=0.00, real=0.00 secs] 
1.407: [GC (Allocation Failure) 1.407: [DefNew: 959K->64K(960K), 0.0019693 secs] 256356K->256350K(524224K), 0.0020011 secs] [Times: user=0.00 sys=0.00, real=0.00 secs] 
1.411: [GC (Allocation Failure) 1.411: [DefNew: 960K->63K(960K), 0.0018009 secs] 257247K->257237K(524224K), 0.0018270 secs] [Times: user=0.00 sys=0.00, real=0.00 secs] 
1.416: [GC (Allocation Failure) 1.416: [DefNew: 959K->63K(960K), 0.0018579 secs] 258133K->258125K(524224K), 0.0018881 secs] [Times: user=0.00 sys=0.00, real=0.00 secs] 
1.421: [GC (Allocation Failure) 1.421: [DefNew: 959K->63K(960K), 0.0018654 secs] 259022K->259016K(524224K), 0.0018993 secs] [Times: user=0.00 sys=0.00, real=0.00 secs] 
1.425: [GC (Allocation Failure) 1.425: [DefNew: 959K->64K(960K), 0.0018180 secs] 259912K->259904K(524224K), 0.0018650 secs] [Times: user=0.00 sys=0.00, real=0.00 secs] 
1.431: [GC (Allocation Failure) 1.431: [DefNew: 960K->64K(960K), 0.0022084 secs] 260800K->260788K(524224K), 0.0022377 secs] [Times: user=0.00 sys=0.00, real=0.00 secs] 
1.435: [GC (Allocation Failure) 1.435: [DefNew: 960K->63K(960K), 0.0018641 secs] 261684K->261672K(524224K), 0.0018932 secs] [Times: user=0.00 sys=0.00, real=0.00 secs] 
1.440: [GC (Allocation Failure) 1.440: [DefNew: 959K->64K(960K), 0.0020896 secs] 262570K->262559K(524224K), 0.0021197 secs] [Times: user=0.00 sys=0.00, real=0.00 secs] 
1.443: [GC (Allocation Failure) 1.443: [DefNew: 960K->64K(960K), 0.0018616 secs] 263456K->263447K(524224K), 0.0018872 secs] [Times: user=0.00 sys=0.00, real=0.00 secs] 
1.449: [GC (Allocation Failure) 1.449: [DefNew: 960K->63K(960K), 0.0018515 secs] 264343K->264329K(524224K), 0.0018786 secs] [Times: user=0.00 sys=0.00, real=0.00 secs] 
1.453: [GC (Allocation Failure) 1.453: [DefNew: 959K->64K(960K), 0.0018460 secs] 265225K->265219K(524224K), 0.0018701 secs] [Times: user=0.00 sys=0.00, real=0.00 secs] 
1.459: [GC (Allocation Failure) 1.459: [DefNew: 960K->64K(960K), 0.0019607 secs] 266115K->266101K(524224K), 0.0019880 secs] [Times: user=0.02 sys=0.00, real=0.00 secs] 
1.462: [GC (Allocation Failure) 1.462: [DefNew: 960K->63K(960K), 0.0019110 secs] 266998K->266983K(524224K), 0.0019379 secs] [Times: user=0.00 sys=0.00, real=0.00 secs] 
1.468: [GC (Allocation Failure) 1.468: [DefNew: 959K->64K(960K), 0.0018456 secs] 267879K->267870K(524224K), 0.0018845 secs] [Times: user=0.00 sys=0.00, real=0.00 secs] 
1.472: [GC (Allocation Failure) 1.472: [DefNew: 960K->63K(960K), 0.0019166 secs] 268766K->268757K(524224K), 0.0019450 secs] [Times: user=0.00 sys=0.00, real=0.00 secs] 
1.477: [GC (Allocation Failure) 1.477: [DefNew: 959K->63K(960K), 0.0019806 secs] 269653K->269644K(524224K), 0.0020090 secs] [Times: user=0.00 sys=0.00, real=0.00 secs] 
1.481: [GC (Allocation Failure) 1.481: [DefNew: 959K->64K(960K), 0.0019111 secs] 270541K->270532K(524224K), 0.0019399 secs] [Times: user=0.00 sys=0.00, real=0.00 secs] 
1.487: [GC (Allocation Failure) 1.487: [DefNew: 960K->63K(960K), 0.0021420 secs] 271428K->271421K(524224K), 0.0021871 secs] [Times: user=0.00 sys=0.00, real=0.00 secs] 
1.490: [GC (Allocation Failure) 1.490: [DefNew: 959K->63K(960K), 0.0020292 secs] 272318K->272310K(524224K), 0.0020565 secs] [Times: user=0.00 sys=0.00, real=0.00 secs] 
1.495: [GC (Allocation Failure) 1.495: [DefNew: 959K->63K(960K), 0.0019915 secs] 273206K->273199K(524224K), 0.0020227 secs] [Times: user=0.00 sys=0.00, real=0.00 secs] 
1.499: [GC (Allocation Failure) 1.499: [DefNew: 959K->64K(960K), 0.0018803 secs] 274095K->274090K(524224K), 0.0019079 secs] [Times: user=0.00 sys=0.00, real=0.00 secs] 
1.504: [GC (Allocation Failure) 1.504: [DefNew: 960K->63K(960K), 0.0020224 secs] 274986K->274977K(524224K), 0.0020549 secs] [Times: user=0.00 sys=0.00, real=0.00 secs] 
1.508: [GC (Allocation Failure) 1.508: [DefNew: 959K->63K(960K), 0.0026316 secs] 275873K->275864K(524224K), 0.0026601 secs] [Times: user=0.00 sys=0.00, real=0.00 secs] 
1.513: [GC (Allocation Failure) 1.513: [DefNew: 959K->63K(960K), 0.0019986 secs] 276760K->276752K(524224K), 0.0020244 secs] [Times: user=0.00 sys=0.00, real=0.00 secs] 
1.517: [GC (Allocation Failure) 1.517: [DefNew: 959K->64K(960K), 0.0018873 secs] 277649K->277642K(524224K), 0.0019308 secs] [Times: user=0.00 sys=0.00, real=0.00 secs] 
1.522: [GC (Allocation Failure) 1.522: [DefNew: 960K->63K(960K), 0.0020878 secs] 278538K->278528K(524224K), 0.0021299 secs] [Times: user=0.02 sys=0.00, real=0.00 secs] 
1.527: [GC (Allocation Failure) 1.527: [DefNew: 959K->63K(960K), 0.0018725 secs] 279425K->279416K(524224K), 0.0019005 secs] [Times: user=0.00 sys=0.00, real=0.00 secs] 
1.531: [GC (Allocation Failure) 1.531: [DefNew: 959K->63K(960K), 0.0019360 secs] 280312K->280300K(524224K), 0.0019622 secs] [Times: user=0.00 sys=0.00, real=0.00 secs] 
1.535: [GC (Allocation Failure) 1.535: [DefNew: 959K->63K(960K), 0.0018052 secs] 281198K->281179K(524224K), 0.0018314 secs] [Times: user=0.00 sys=0.00, real=0.00 secs] 
1.540: [GC (Allocation Failure) 1.540: [DefNew: 959K->64K(960K), 0.0019281 secs] 282075K->282063K(524224K), 0.0019538 secs] [Times: user=0.00 sys=0.00, real=0.00 secs] 
1.545: [GC (Allocation Failure) 1.545: [DefNew: 960K->64K(960K), 0.0018295 secs] 282959K->282950K(524224K), 0.0018578 secs] [Times: user=0.00 sys=0.00, real=0.00 secs] 
1.549: [GC (Allocation Failure) 1.549: [DefNew: 960K->63K(960K), 0.0018195 secs] 283846K->283833K(524224K), 0.0018468 secs] [Times: user=0.00 sys=0.00, real=0.00 secs] 
1.554: [GC (Allocation Failure) 1.554: [DefNew: 959K->64K(960K), 0.0019614 secs] 284730K->284721K(524224K), 0.0019859 secs] [Times: user=0.00 sys=0.00, real=0.00 secs] 
1.558: [GC (Allocation Failure) 1.558: [DefNew: 960K->64K(960K), 0.0025874 secs] 285617K->285608K(524224K), 0.0026421 secs] [Times: user=0.00 sys=0.00, real=0.00 secs] 
1.564: [GC (Allocation Failure) 1.564: [DefNew: 960K->64K(960K), 0.0019648 secs] 286504K->286496K(524224K), 0.0019925 secs] [Times: user=0.00 sys=0.00, real=0.00 secs] 
1.568: [GC (Allocation Failure) 1.568: [DefNew: 960K->63K(960K), 0.0018376 secs] 287393K->287384K(524224K), 0.0018635 secs] [Times: user=0.00 sys=0.00, real=0.00 secs] 
1.573: [GC (Allocation Failure) 1.573: [DefNew: 959K->63K(960K), 0.0020822 secs] 288280K->288270K(524224K), 0.0021143 secs] [Times: user=0.00 sys=0.00, real=0.00 secs] 
1.577: [GC (Allocation Failure) 1.577: [DefNew: 959K->63K(960K), 0.0019656 secs] 289167K->289158K(524224K), 0.0019929 secs] [Times: user=0.00 sys=0.00, real=0.00 secs] 
1.581: [GC (Allocation Failure) 1.581: [DefNew: 959K->64K(960K), 0.0018880 secs] 290055K->290046K(524224K), 0.0019158 secs] [Times: user=0.00 sys=0.00, real=0.00 secs] 
1.586: [GC (Allocation Failure) 1.586: [DefNew: 960K->63K(960K), 0.0017944 secs] 290944K->290934K(524224K), 0.0018201 secs] [Times: user=0.02 sys=0.00, real=0.00 secs] 
1.591: [GC (Allocation Failure) 1.591: [DefNew: 959K->63K(960K), 0.0018369 secs] 291830K->291819K(524224K), 0.0018680 secs] [Times: user=0.00 sys=0.00, real=0.00 secs] 
1.595: [GC (Allocation Failure) 1.595: [DefNew: 959K->64K(960K), 0.0018383 secs] 292715K->292709K(524224K), 0.0018658 secs] [Times: user=0.00 sys=0.00, real=0.00 secs] 
1.600: [GC (Allocation Failure) 1.600: [DefNew: 960K->63K(960K), 0.0018183 secs] 293606K->293597K(524224K), 0.0018444 secs] [Times: user=0.02 sys=0.00, real=0.00 secs] 
1.606: [GC (Allocation Failure) 1.606: [DefNew: 959K->64K(960K), 0.0018055 secs] 294493K->294480K(524224K), 0.0018337 secs] [Times: user=0.00 sys=0.00, real=0.00 secs] 
1.609: [GC (Allocation Failure) 1.609: [DefNew: 960K->63K(960K), 0.0018005 secs] 295378K->295370K(524224K), 0.0018264 secs] [Times: user=0.00 sys=0.00, real=0.00 secs] 
1.614: [GC (Allocation Failure) 1.614: [DefNew: 959K->63K(960K), 0.0018038 secs] 296267K->296255K(524224K), 0.0018279 secs] [Times: user=0.00 sys=0.00, real=0.00 secs] 
1.618: [GC (Allocation Failure) 1.618: [DefNew: 959K->63K(960K), 0.0019407 secs] 297152K->297143K(524224K), 0.0019673 secs] [Times: user=0.00 sys=0.00, real=0.00 secs] 
1.624: [GC (Allocation Failure) 1.624: [DefNew: 959K->63K(960K), 0.0019411 secs] 298041K->298033K(524224K), 0.0019802 secs] [Times: user=0.00 sys=0.00, real=0.00 secs] 
1.627: [GC (Allocation Failure) 1.627: [DefNew: 959K->63K(960K), 0.0018699 secs] 298929K->298921K(524224K), 0.0018947 secs] [Times: user=0.00 sys=0.00, real=0.00 secs] 
1.633: [GC (Allocation Failure) 1.633: [DefNew: 959K->63K(960K), 0.0017429 secs] 299818K->299804K(524224K), 0.0017676 secs] [Times: user=0.00 sys=0.00, real=0.00 secs] 
1.637: [GC (Allocation Failure) 1.637: [DefNew: 959K->63K(960K), 0.0022451 secs] 300700K->300693K(524224K), 0.0023014 secs] [Times: user=0.00 sys=0.00, real=0.00 secs] 
1.642: [GC (Allocation Failure) 1.642: [DefNew: 959K->64K(960K), 0.0018433 secs] 301592K->301583K(524224K), 0.0018752 secs] [Times: user=0.00 sys=0.00, real=0.00 secs] 
1.646: [GC (Allocation Failure) 1.646: [DefNew: 960K->64K(960K), 0.0018782 secs] 302479K->302466K(524224K), 0.0019056 secs] [Times: user=0.00 sys=0.02, real=0.00 secs] 
1.652: [GC (Allocation Failure) 1.652: [DefNew: 960K->63K(960K), 0.0017878 secs] 303362K->303348K(524224K), 0.0018141 secs] [Times: user=0.00 sys=0.00, real=0.00 secs] 
1.656: [GC (Allocation Failure) 1.656: [DefNew: 959K->64K(960K), 0.0020012 secs] 304246K->304237K(524224K), 0.0020283 secs] [Times: user=0.00 sys=0.00, real=0.00 secs] 
1.661: [GC (Allocation Failure) 1.661: [DefNew: 960K->63K(960K), 0.0019501 secs] 305133K->305126K(524224K), 0.0019779 secs] [Times: user=0.00 sys=0.00, real=0.00 secs] 
1.664: [GC (Allocation Failure) 1.664: [DefNew: 959K->63K(960K), 0.0029397 secs] 306022K->306012K(524224K), 0.0029917 secs] [Times: user=0.00 sys=0.00, real=0.00 secs] 
1.671: [GC (Allocation Failure) 1.671: [DefNew: 959K->64K(960K), 0.0022004 secs] 306909K->306902K(524224K), 0.0022296 secs] [Times: user=0.00 sys=0.00, real=0.00 secs] 
1.674: [GC (Allocation Failure) 1.674: [DefNew: 960K->63K(960K), 0.0020733 secs] 307798K->307792K(524224K), 0.0020995 secs] [Times: user=0.00 sys=0.00, real=0.00 secs] 
1.679: [GC (Allocation Failure) 1.679: [DefNew: 959K->64K(960K), 0.0019823 secs] 308689K->308681K(524224K), 0.0020094 secs] [Times: user=0.01 sys=0.00, real=0.00 secs] 
1.682: [GC (Allocation Failure) 1.682: [DefNew: 960K->64K(960K), 0.0026120 secs] 309577K->309566K(524224K), 0.0026657 secs] [Times: user=0.00 sys=0.00, real=0.00 secs] 
1.689: [GC (Allocation Failure) 1.689: [DefNew: 960K->64K(960K), 0.0019808 secs] 310464K->310459K(524224K), 0.0020253 secs] [Times: user=0.00 sys=0.00, real=0.00 secs] 
1.695: [GC (Allocation Failure) 1.695: [DefNew: 960K->63K(960K), 0.0027767 secs] 311356K->311350K(524224K), 0.0028061 secs] [Times: user=0.00 sys=0.00, real=0.00 secs] 
1.700: [GC (Allocation Failure) 1.700: [DefNew: 959K->63K(960K), 0.0018646 secs] 312246K->312237K(524224K), 0.0018913 secs] [Times: user=0.00 sys=0.00, real=0.00 secs] 
1.706: [GC (Allocation Failure) 1.706: [DefNew: 959K->63K(960K), 0.0019450 secs] 313134K->313127K(524224K), 0.0019719 secs] [Times: user=0.00 sys=0.00, real=0.00 secs] 
1.710: [GC (Allocation Failure) 1.710: [DefNew: 959K->63K(960K), 0.0025205 secs] 314023K->314015K(524224K), 0.0025476 secs] [Times: user=0.02 sys=0.00, real=0.00 secs] 
1.716: [GC (Allocation Failure) 1.716: [DefNew: 959K->64K(960K), 0.0019619 secs] 314911K->314905K(524224K), 0.0019877 secs] [Times: user=0.00 sys=0.00, real=0.00 secs] 
1.720: [GC (Allocation Failure) 1.720: [DefNew: 960K->64K(960K), 0.0019468 secs] 315802K->315792K(524224K), 0.0019736 secs] [Times: user=0.00 sys=0.00, real=0.00 secs] 
1.725: [GC (Allocation Failure) 1.725: [DefNew: 960K->64K(960K), 0.0019229 secs] 316688K->316678K(524224K), 0.0019495 secs] [Times: user=0.01 sys=0.00, real=0.00 secs] 
1.729: [GC (Allocation Failure) 1.729: [DefNew: 960K->64K(960K), 0.0022600 secs] 317576K->317569K(524224K), 0.0023040 secs] [Times: user=0.00 sys=0.00, real=0.00 secs] 
1.735: [GC (Allocation Failure) 1.735: [DefNew: 960K->63K(960K), 0.0020432 secs] 318466K->318459K(524224K), 0.0020710 secs] [Times: user=0.00 sys=0.00, real=0.00 secs] 
1.738: [GC (Allocation Failure) 1.738: [DefNew: 959K->63K(960K), 0.0020166 secs] 319357K->319349K(524224K), 0.0020441 secs] [Times: user=0.00 sys=0.00, real=0.00 secs] 
1.744: [GC (Allocation Failure) 1.744: [DefNew: 959K->63K(960K), 0.0021324 secs] 320246K->320237K(524224K), 0.0021626 secs] [Times: user=0.00 sys=0.00, real=0.00 secs] 
1.748: [GC (Allocation Failure) 1.748: [DefNew: 959K->63K(960K), 0.0021046 secs] 321133K->321128K(524224K), 0.0021309 secs] [Times: user=0.00 sys=0.00, real=0.00 secs] 
1.753: [GC (Allocation Failure) 1.753: [DefNew: 959K->63K(960K), 0.0020300 secs] 322025K->322014K(524224K), 0.0020563 secs] [Times: user=0.00 sys=0.00, real=0.00 secs] 
1.757: [GC (Allocation Failure) 1.757: [DefNew: 959K->64K(960K), 0.0022007 secs] 322910K->322902K(524224K), 0.0022424 secs] [Times: user=0.02 sys=0.00, real=0.00 secs] 
1.763: [GC (Allocation Failure) 1.763: [DefNew: 960K->63K(960K), 0.0021039 secs] 323799K->323794K(524224K), 0.0021335 secs] [Times: user=0.00 sys=0.00, real=0.00 secs] 
1.767: [GC (Allocation Failure) 1.767: [DefNew: 959K->64K(960K), 0.0020202 secs] 324691K->324683K(524224K), 0.0020471 secs] [Times: user=0.00 sys=0.00, real=0.00 secs] 
1.772: [GC (Allocation Failure) 1.772: [DefNew: 960K->64K(960K), 0.0019175 secs] 325582K->325572K(524224K), 0.0019456 secs] [Times: user=0.00 sys=0.02, real=0.00 secs] 
1.775: [GC (Allocation Failure) 1.775: [DefNew: 960K->63K(960K), 0.0023967 secs] 326470K->326454K(524224K), 0.0024270 secs] [Times: user=0.00 sys=0.00, real=0.00 secs] 
1.782: [GC (Allocation Failure) 1.782: [DefNew: 959K->64K(960K), 0.0021156 secs] 327351K->327345K(524224K), 0.0021440 secs] [Times: user=0.00 sys=0.00, real=0.00 secs] 
1.786: [GC (Allocation Failure) 1.786: [DefNew: 960K->63K(960K), 0.0019536 secs] 328241K->328232K(524224K), 0.0019814 secs] [Times: user=0.00 sys=0.00, real=0.00 secs] 
1.792: [GC (Allocation Failure) 1.792: [DefNew: 959K->63K(960K), 0.0020640 secs] 329129K->329123K(524224K), 0.0020921 secs] [Times: user=0.00 sys=0.00, real=0.00 secs] 
1.797: [GC (Allocation Failure) 1.797: [DefNew: 959K->63K(960K), 0.0020141 secs] 330019K->330011K(524224K), 0.0020401 secs] [Times: user=0.00 sys=0.00, real=0.00 secs] 
1.801: [GC (Allocation Failure) 1.801: [DefNew: 959K->64K(960K), 0.0019717 secs] 330908K->330895K(524224K), 0.0019983 secs] [Times: user=0.00 sys=0.00, real=0.00 secs] 
1.807: [GC (Allocation Failure) 1.807: [DefNew: 960K->64K(960K), 0.0018594 secs] 331792K->331784K(524224K), 0.0018869 secs] [Times: user=0.00 sys=0.00, real=0.00 secs] 
1.811: [GC (Allocation Failure) 1.811: [DefNew: 960K->63K(960K), 0.0019443 secs] 332680K->332671K(524224K), 0.0019742 secs] [Times: user=0.00 sys=0.00, real=0.00 secs] 
1.817: [GC (Allocation Failure) 1.817: [DefNew: 959K->64K(960K), 0.0021059 secs] 333567K->333559K(524224K), 0.0021339 secs] [Times: user=0.00 sys=0.00, real=0.00 secs] 
1.820: [GC (Allocation Failure) 1.820: [DefNew: 960K->63K(960K), 0.0019117 secs] 334457K->334448K(524224K), 0.0019384 secs] [Times: user=0.02 sys=0.00, real=0.00 secs] 
1.826: [GC (Allocation Failure) 1.826: [DefNew: 959K->64K(960K), 0.0021599 secs] 335344K->335337K(524224K), 0.0021916 secs] [Times: user=0.00 sys=0.00, real=0.00 secs] 
1.829: [GC (Allocation Failure) 1.829: [DefNew: 960K->64K(960K), 0.0021014 secs] 336233K->336226K(524224K), 0.0021278 secs] [Times: user=0.00 sys=0.00, real=0.00 secs] 
1.834: [GC (Allocation Failure) 1.834: [DefNew: 960K->64K(960K), 0.0020326 secs] 337124K->337116K(524224K), 0.0020580 secs] [Times: user=0.02 sys=0.00, real=0.00 secs] 
1.838: [GC (Allocation Failure) 1.838: [DefNew: 960K->64K(960K), 0.0024942 secs] 338012K->338003K(524224K), 0.0025219 secs] [Times: user=0.00 sys=0.00, real=0.00 secs] 
1.845: [GC (Allocation Failure) 1.845: [DefNew: 960K->63K(960K), 0.0020680 secs] 338899K->338892K(524224K), 0.0020951 secs] [Times: user=0.00 sys=0.00, real=0.00 secs] 
1.848: [GC (Allocation Failure) 1.848: [DefNew: 959K->63K(960K), 0.0020160 secs] 339789K->339781K(524224K), 0.0020421 secs] [Times: user=0.00 sys=0.00, real=0.00 secs] 
1.854: [GC (Allocation Failure) 1.854: [DefNew: 959K->64K(960K), 0.0022615 secs] 340677K->340665K(524224K), 0.0023208 secs] [Times: user=0.00 sys=0.00, real=0.00 secs] 
1.858: [GC (Allocation Failure) 1.858: [DefNew: 960K->63K(960K), 0.0019582 secs] 341562K->341555K(524224K), 0.0019864 secs] [Times: user=0.00 sys=0.00, real=0.00 secs] 
1.864: [GC (Allocation Failure) 1.864: [DefNew: 959K->63K(960K), 0.0020272 secs] 342451K->342445K(524224K), 0.0020536 secs] [Times: user=0.00 sys=0.00, real=0.00 secs] 
1.867: [GC (Allocation Failure) 1.867: [DefNew: 959K->63K(960K), 0.0018874 secs] 343341K->343330K(524224K), 0.0019143 secs] [Times: user=0.02 sys=0.00, real=0.00 secs] 
1.873: [GC (Allocation Failure) 1.873: [DefNew: 959K->63K(960K), 0.0019278 secs] 344226K->344220K(524224K), 0.0019750 secs] [Times: user=0.00 sys=0.00, real=0.00 secs] 
1.877: [GC (Allocation Failure) 1.877: [DefNew: 959K->64K(960K), 0.0022716 secs] 345116K->345109K(524224K), 0.0023017 secs] [Times: user=0.00 sys=0.00, real=0.00 secs] 
1.882: [GC (Allocation Failure) 1.882: [DefNew: 960K->63K(960K), 0.0026284 secs] 346005K->345997K(524224K), 0.0026681 secs] [Times: user=0.02 sys=0.00, real=0.00 secs] 
1.887: [GC (Allocation Failure) 1.887: [DefNew: 959K->64K(960K), 0.0020809 secs] 346895K->346887K(524224K), 0.0021142 secs] [Times: user=0.00 sys=0.00, real=0.00 secs] 
1.891: [GC (Allocation Failure) 1.891: [DefNew: 960K->63K(960K), 0.0020685 secs] 347783K->347777K(524224K), 0.0021289 secs] [Times: user=0.00 sys=0.00, real=0.00 secs] 
1.895: [GC (Allocation Failure) 1.895: [DefNew: 959K->64K(960K), 0.0020349 secs] 348673K->348667K(524224K), 0.0020621 secs] [Times: user=0.00 sys=0.00, real=0.00 secs] 
1.899: [GC (Allocation Failure) 1.899: [DefNew: 960K->64K(960K), 0.0023398 secs] 349563K->349554K(524224K), 0.0023675 secs] [Times: user=0.00 sys=0.00, real=0.00 secs] 
1.905: [GC (Allocation Failure) 1.905: [DefNew: 960K->63K(960K), 0.0021667 secs] 350450K->350444K(524224K), 0.0021931 secs] [Times: user=0.00 sys=0.00, real=0.00 secs] 
1.910: [GC (Allocation Failure) 1.910: [DefNew: 959K->63K(960K), 0.0020377 secs] 351340K->351333K(524224K), 0.0020646 secs] [Times: user=0.00 sys=0.00, real=0.00 secs] 
1.915: [GC (Allocation Failure) 1.915: [DefNew: 959K->63K(960K), 0.0018779 secs] 352230K->352220K(524224K), 0.0019227 secs] [Times: user=0.00 sys=0.00, real=0.00 secs] 
1.919: [GC (Allocation Failure) 1.919: [DefNew: 959K->63K(960K), 0.0020031 secs] 353116K->353105K(524224K), 0.0020284 secs] [Times: user=0.00 sys=0.00, real=0.00 secs] 
1.924: [GC (Allocation Failure) 1.924: [DefNew: 959K->64K(960K), 0.0021202 secs] 354001K->353995K(524224K), 0.0021494 secs] [Times: user=0.00 sys=0.00, real=0.00 secs] 
1.928: [GC (Allocation Failure) 1.928: [DefNew: 960K->63K(960K), 0.0021133 secs] 354891K->354885K(524224K), 0.0021394 secs] [Times: user=0.01 sys=0.00, real=0.00 secs] 
1.932: [GC (Allocation Failure) 1.932: [DefNew: 959K->63K(960K), 0.0019774 secs] 355781K->355769K(524224K), 0.0020193 secs] [Times: user=0.00 sys=0.00, real=0.00 secs] 
1.937: [GC (Allocation Failure) 1.937: [DefNew: 959K->63K(960K), 0.0020515 secs] 356667K->356659K(524224K), 0.0020815 secs] [Times: user=0.00 sys=0.00, real=0.00 secs] 
1.941: [GC (Allocation Failure) 1.941: [DefNew: 959K->63K(960K), 0.0021628 secs] 357555K->357549K(524224K), 0.0021899 secs] [Times: user=0.00 sys=0.00, real=0.00 secs] 
1.945: [GC (Allocation Failure) 1.945: [DefNew: 959K->63K(960K), 0.0019787 secs] 358445K->358437K(524224K), 0.0020172 secs] [Times: user=0.02 sys=0.00, real=0.00 secs] 
1.950: [GC (Allocation Failure) 1.950: [DefNew: 959K->63K(960K), 0.0018879 secs] 359333K->359326K(524224K), 0.0019157 secs] [Times: user=0.00 sys=0.00, real=0.00 secs] 
1.955: [GC (Allocation Failure) 1.955: [DefNew: 959K->64K(960K), 0.0020666 secs] 360223K->360215K(524224K), 0.0020944 secs] [Times: user=0.00 sys=0.00, real=0.00 secs] 
1.960: [GC (Allocation Failure) 1.960: [DefNew: 960K->63K(960K), 0.0022594 secs] 361112K->361104K(524224K), 0.0023012 secs] [Times: user=0.01 sys=0.00, real=0.00 secs] 
1.966: [GC (Allocation Failure) 1.966: [DefNew: 959K->63K(960K), 0.0020172 secs] 362000K->361994K(524224K), 0.0020432 secs] [Times: user=0.00 sys=0.00, real=0.00 secs] 
1.969: [GC (Allocation Failure) 1.969: [DefNew: 959K->63K(960K), 0.0019673 secs] 362890K->362881K(524224K), 0.0019936 secs] [Times: user=0.00 sys=0.00, real=0.00 secs] 
1.974: [GC (Allocation Failure) 1.974: [DefNew: 959K->63K(960K), 0.0019908 secs] 363777K->363766K(524224K), 0.0020169 secs] [Times: user=0.00 sys=0.00, real=0.00 secs] 
1.979: [GC (Allocation Failure) 1.979: [DefNew: 959K->63K(960K), 0.0020974 secs] 364663K->364657K(524224K), 0.0021256 secs] [Times: user=0.00 sys=0.00, real=0.00 secs] 
1.984: [GC (Allocation Failure) 1.984: [DefNew: 959K->64K(960K), 0.0020557 secs] 365554K->365546K(524224K), 0.0020827 secs] [Times: user=0.00 sys=0.00, real=0.00 secs] 
1.987: [GC (Allocation Failure) 1.987: [DefNew: 960K->63K(960K), 0.0020737 secs] 366442K->366430K(524224K), 0.0021014 secs] [Times: user=0.00 sys=0.00, real=0.00 secs] 
1.992: [GC (Allocation Failure) 1.992: [DefNew: 959K->63K(960K), 0.0026649 secs] 367326K->367318K(524224K), 0.0026952 secs] [Times: user=0.00 sys=0.00, real=0.00 secs] 
1.997: [GC (Allocation Failure) 1.997: [DefNew: 959K->63K(960K), 0.0021469 secs] 368215K->368209K(524224K), 0.0021750 secs] [Times: user=0.00 sys=0.00, real=0.00 secs] 
2.002: [GC (Allocation Failure) 2.002: [DefNew: 959K->63K(960K), 0.0020805 secs] 369105K->369098K(524224K), 0.0021069 secs] [Times: user=0.00 sys=0.00, real=0.00 secs] 
2.006: [GC (Allocation Failure) 2.006: [DefNew: 959K->63K(960K), 0.0021189 secs] 369994K->369983K(524224K), 0.0021463 secs] [Times: user=0.00 sys=0.02, real=0.00 secs] 
2.012: [GC (Allocation Failure) 2.012: [DefNew: 959K->63K(960K), 0.0024548 secs] 370881K->370873K(524224K), 0.0024833 secs] [Times: user=0.00 sys=0.00, real=0.00 secs] 
2.017: [GC (Allocation Failure) 2.017: [DefNew: 959K->63K(960K), 0.0019695 secs] 371769K->371758K(524224K), 0.0019969 secs] [Times: user=0.00 sys=0.00, real=0.00 secs] 
2.022: [GC (Allocation Failure) 2.022: [DefNew: 959K->64K(960K), 0.0029123 secs] 372656K->372644K(524224K), 0.0029569 secs] [Times: user=0.02 sys=0.00, real=0.00 secs] 
2.027: [GC (Allocation Failure) 2.027: [DefNew: 960K->63K(960K), 0.0020971 secs] 373540K->373534K(524224K), 0.0021244 secs] [Times: user=0.00 sys=0.00, real=0.00 secs] 
2.033: [GC (Allocation Failure) 2.033: [DefNew: 959K->63K(960K), 0.0019614 secs] 374430K->374424K(524224K), 0.0019896 secs] [Times: user=0.00 sys=0.00, real=0.00 secs] 
2.037: [GC (Allocation Failure) 2.037: [DefNew: 959K->64K(960K), 0.0020024 secs] 375320K->375314K(524224K), 0.0020271 secs] [Times: user=0.02 sys=0.00, real=0.00 secs] 
2.042: [GC (Allocation Failure) 2.042: [DefNew: 960K->64K(960K), 0.0020618 secs] 376212K->376205K(524224K), 0.0020890 secs] [Times: user=0.00 sys=0.00, real=0.00 secs] 
2.046: [GC (Allocation Failure) 2.046: [DefNew: 960K->63K(960K), 0.0020447 secs] 377101K->377093K(524224K), 0.0020724 secs] [Times: user=0.00 sys=0.00, real=0.00 secs] 
2.051: [GC (Allocation Failure) 2.051: [DefNew: 959K->63K(960K), 0.0019468 secs] 377989K->377982K(524224K), 0.0019743 secs] [Times: user=0.00 sys=0.00, real=0.00 secs] 
2.054: [GC (Allocation Failure) 2.054: [DefNew: 959K->63K(960K), 0.0021224 secs] 378879K->378868K(524224K), 0.0021796 secs] [Times: user=0.02 sys=0.00, real=0.00 secs] 
2.060: [GC (Allocation Failure) 2.060: [DefNew: 959K->63K(960K), 0.0021681 secs] 379766K->379761K(524224K), 0.0022045 secs] [Times: user=0.00 sys=0.00, real=0.00 secs] 
2.064: [GC (Allocation Failure) 2.064: [DefNew: 959K->63K(960K), 0.0021590 secs] 380657K->380652K(524224K), 0.0021861 secs] [Times: user=0.00 sys=0.00, real=0.00 secs] 
2.070: [GC (Allocation Failure) 2.070: [DefNew: 959K->63K(960K), 0.0025062 secs] 381548K->381538K(524224K), 0.0025400 secs] [Times: user=0.00 sys=0.00, real=0.00 secs] 
2.075: [GC (Allocation Failure) 2.075: [DefNew: 959K->63K(960K), 0.0021219 secs] 382435K->382428K(524224K), 0.0021503 secs] [Times: user=0.00 sys=0.00, real=0.00 secs] 
2.081: [GC (Allocation Failure) 2.081: [DefNew: 959K->63K(960K), 0.0020681 secs] 383325K->383320K(524224K), 0.0020943 secs] [Times: user=0.00 sys=0.00, real=0.00 secs] 
2.085: [GC (Allocation Failure) 2.085: [DefNew: 959K->63K(960K), 0.0026353 secs] 384216K->384204K(524224K), 0.0026637 secs] [Times: user=0.02 sys=0.00, real=0.00 secs] 
2.091: [GC (Allocation Failure) 2.091: [DefNew: 959K->63K(960K), 0.0019080 secs] 385101K->385092K(524224K), 0.0019369 secs] [Times: user=0.00 sys=0.00, real=0.00 secs] 
2.097: [GC (Allocation Failure) 2.097: [DefNew: 959K->63K(960K), 0.0018670 secs] 385990K->385983K(524224K), 0.0019093 secs] [Times: user=0.00 sys=0.00, real=0.00 secs] 
2.101: [GC (Allocation Failure) 2.101: [DefNew: 959K->63K(960K), 0.0019707 secs] 386880K->386872K(524224K), 0.0019996 secs] [Times: user=0.02 sys=0.00, real=0.00 secs] 
2.107: [GC (Allocation Failure) 2.107: [DefNew: 959K->64K(960K), 0.0019231 secs] 387769K->387763K(524224K), 0.0019527 secs] [Times: user=0.00 sys=0.00, real=0.00 secs] 
2.110: [GC (Allocation Failure) 2.110: [DefNew: 960K->64K(960K), 0.0021463 secs] 388659K->388654K(524224K), 0.0021722 secs] [Times: user=0.00 sys=0.00, real=0.00 secs] 
2.116: [GC (Allocation Failure) 2.116: [DefNew: 960K->63K(960K), 0.0026297 secs] 389551K->389543K(524224K), 0.0026576 secs] [Times: user=0.01 sys=0.00, real=0.00 secs] 
2.120: [GC (Allocation Failure) 2.120: [DefNew: 959K->63K(960K), 0.0021778 secs] 390439K->390433K(524224K), 0.0022305 secs] [Times: user=0.00 sys=0.00, real=0.00 secs] 
2.126: [GC (Allocation Failure) 2.126: [DefNew: 959K->63K(960K), 0.0021726 secs] 391330K->391325K(524224K), 0.0022009 secs] [Times: user=0.00 sys=0.00, real=0.00 secs] 
2.129: [GC (Allocation Failure) 2.129: [DefNew: 959K->63K(960K), 0.0020612 secs] 392221K->392214K(524224K), 0.0020884 secs] [Times: user=0.00 sys=0.00, real=0.00 secs] 
2.134: [GC (Allocation Failure) 2.134: [DefNew: 959K->64K(960K), 0.0020277 secs] 393111K->393103K(524224K), 0.0020816 secs] [Times: user=0.00 sys=0.00, real=0.00 secs] 
2.138: [GC (Allocation Failure) 2.138: [DefNew: 960K->63K(960K), 0.0020334 secs] 393999K->393988K(524224K), 0.0020614 secs] [Times: user=0.00 sys=0.00, real=0.00 secs] 
2.144: [GC (Allocation Failure) 2.144: [DefNew: 959K->63K(960K), 0.0020631 secs] 394884K->394879K(524224K), 0.0020896 secs] [Times: user=0.00 sys=0.00, real=0.00 secs] 
2.147: [GC (Allocation Failure) 2.147: [DefNew: 959K->63K(960K), 0.0019759 secs] 395776K->395769K(524224K), 0.0020026 secs] [Times: user=0.00 sys=0.02, real=0.00 secs] 
2.152: [GC (Allocation Failure) 2.152: [DefNew: 959K->64K(960K), 0.0021399 secs] 396665K->396659K(524224K), 0.0021806 secs] [Times: user=0.00 sys=0.00, real=0.00 secs] 
2.156: [GC (Allocation Failure) 2.156: [DefNew: 960K->64K(960K), 0.0020914 secs] 397557K->397549K(524224K), 0.0021240 secs] [Times: user=0.00 sys=0.00, real=0.00 secs] 
2.161: [GC (Allocation Failure) 2.161: [DefNew: 960K->63K(960K), 0.0021292 secs] 398447K->398441K(524224K), 0.0021582 secs] [Times: user=0.00 sys=0.00, real=0.00 secs] 
2.165: [GC (Allocation Failure) 2.165: [DefNew: 959K->63K(960K), 0.0027260 secs] 399337K->399329K(524224K), 0.0027529 secs] [Times: user=0.00 sys=0.00, real=0.00 secs] 
2.172: [GC (Allocation Failure) 2.172: [DefNew: 959K->63K(960K), 0.0022640 secs] 400225K->400219K(524224K), 0.0022917 secs] [Times: user=0.00 sys=0.00, real=0.00 secs] 
2.175: [GC (Allocation Failure) 2.175: [DefNew: 959K->64K(960K), 0.0020967 secs] 401115K->401108K(524224K), 0.0021240 secs] [Times: user=0.00 sys=0.00, real=0.00 secs] 
2.181: [GC (Allocation Failure) 2.181: [DefNew: 960K->64K(960K), 0.0021152 secs] 402005K->401997K(524224K), 0.0021466 secs] [Times: user=0.00 sys=0.00, real=0.00 secs] 
2.185: [GC (Allocation Failure) 2.185: [DefNew: 960K->64K(960K), 0.0020854 secs] 402893K->402887K(524224K), 0.0021121 secs] [Times: user=0.00 sys=0.00, real=0.00 secs] 
2.190: [GC (Allocation Failure) 2.190: [DefNew: 960K->64K(960K), 0.0021803 secs] 403784K->403778K(524224K), 0.0022091 secs] [Times: user=0.00 sys=0.00, real=0.00 secs] 
2.194: [GC (Allocation Failure) 2.194: [DefNew: 960K->63K(960K), 0.0025274 secs] 404676K->404670K(524224K), 0.0025718 secs] [Times: user=0.03 sys=0.00, real=0.00 secs] 
2.201: [GC (Allocation Failure) 2.201: [DefNew: 959K->63K(960K), 0.0021720 secs] 405569K->405561K(524224K), 0.0021991 secs] [Times: user=0.00 sys=0.00, real=0.00 secs] 
2.205: [GC (Allocation Failure) 2.205: [DefNew: 959K->64K(960K), 0.0023061 secs] 406458K->406450K(524224K), 0.0023375 secs] [Times: user=0.00 sys=0.00, real=0.00 secs] 
2.210: [GC (Allocation Failure) 2.210: [DefNew: 960K->63K(960K), 0.0021363 secs] 407348K->407341K(524224K), 0.0021626 secs] [Times: user=0.02 sys=0.00, real=0.00 secs] 
2.216: [GC (Allocation Failure) 2.216: [DefNew: 959K->63K(960K), 0.0020885 secs] 408238K->408229K(524224K), 0.0021173 secs] [Times: user=0.00 sys=0.00, real=0.00 secs] 
2.220: [GC (Allocation Failure) 2.220: [DefNew: 959K->63K(960K), 0.0021407 secs] 409125K->409118K(524224K), 0.0021690 secs] [Times: user=0.00 sys=0.00, real=0.00 secs] 
2.225: [GC (Allocation Failure) 2.225: [DefNew: 959K->64K(960K), 0.0018552 secs] 410015K->410009K(524224K), 0.0018821 secs] [Times: user=0.02 sys=0.00, real=0.00 secs] 
2.229: [GC (Allocation Failure) 2.229: [DefNew: 960K->63K(960K), 0.0020755 secs] 410905K->410898K(524224K), 0.0021114 secs] [Times: user=0.00 sys=0.00, real=0.00 secs] 
2.234: [GC (Allocation Failure) 2.234: [DefNew: 959K->64K(960K), 0.0022040 secs] 411795K->411788K(524224K), 0.0022310 secs] [Times: user=0.00 sys=0.00, real=0.00 secs] 
2.237: [GC (Allocation Failure) 2.237: [DefNew: 960K->63K(960K), 0.0022004 secs] 412685K->412678K(524224K), 0.0022292 secs] [Times: user=0.00 sys=0.00, real=0.00 secs] 
2.243: [GC (Allocation Failure) 2.243: [DefNew: 959K->63K(960K), 0.0023048 secs] 413574K->413569K(524224K), 0.0023612 secs] [Times: user=0.00 sys=0.00, real=0.00 secs] 
2.247: [GC (Allocation Failure) 2.247: [DefNew: 959K->63K(960K), 0.0019996 secs] 414466K->414461K(524224K), 0.0020326 secs] [Times: user=0.00 sys=0.00, real=0.00 secs] 
2.253: [GC (Allocation Failure) 2.253: [DefNew: 959K->63K(960K), 0.0021647 secs] 415358K->415351K(524224K), 0.0021947 secs] [Times: user=0.00 sys=0.00, real=0.00 secs] 
2.257: [GC (Allocation Failure) 2.257: [DefNew: 959K->64K(960K), 0.0020497 secs] 416247K->416241K(524224K), 0.0020793 secs] [Times: user=0.02 sys=0.00, real=0.00 secs] 
2.262: [GC (Allocation Failure) 2.262: [DefNew: 960K->63K(960K), 0.0020685 secs] 417138K->417134K(524224K), 0.0020985 secs] [Times: user=0.00 sys=0.00, real=0.00 secs] 
2.267: [GC (Allocation Failure) 2.267: [DefNew: 959K->63K(960K), 0.0019883 secs] 418030K->418024K(524224K), 0.0020176 secs] [Times: user=0.00 sys=0.00, real=0.00 secs] 
2.272: [GC (Allocation Failure) 2.272: [DefNew: 959K->63K(960K), 0.0021638 secs] 418922K->418915K(524224K), 0.0021933 secs] [Times: user=0.00 sys=0.01, real=0.00 secs] 
2.275: [GC (Allocation Failure) 2.275: [DefNew: 959K->63K(960K), 0.0025539 secs] 419812K->419805K(524224K), 0.0025802 secs] [Times: user=0.00 sys=0.00, real=0.00 secs] 
2.281: [GC (Allocation Failure) 2.281: [DefNew: 959K->63K(960K), 0.0020461 secs] 420702K->420697K(524224K), 0.0020760 secs] [Times: user=0.00 sys=0.00, real=0.00 secs] 
2.286: [GC (Allocation Failure) 2.286: [DefNew: 959K->63K(960K), 0.0020732 secs] 421595K->421585K(524224K), 0.0021022 secs] [Times: user=0.00 sys=0.00, real=0.00 secs] 
2.291: [GC (Allocation Failure) 2.291: [DefNew: 959K->63K(960K), 0.0025522 secs] 422481K->422474K(524224K), 0.0026086 secs] [Times: user=0.00 sys=0.00, real=0.00 secs] 
2.296: [GC (Allocation Failure) 2.296: [DefNew: 959K->63K(960K), 0.0022129 secs] 423372K->423366K(524224K), 0.0022539 secs] [Times: user=0.00 sys=0.00, real=0.00 secs] 
2.300: [GC (Allocation Failure) 2.301: [DefNew: 959K->64K(960K), 0.0026317 secs] 424263K->424257K(524224K), 0.0026584 secs] [Times: user=0.00 sys=0.00, real=0.00 secs] 
2.306: [GC (Allocation Failure) 2.306: [DefNew: 960K->64K(960K), 0.0022576 secs] 425153K->425147K(524224K), 0.0022911 secs] [Times: user=0.00 sys=0.00, real=0.00 secs] 
2.311: [GC (Allocation Failure) 2.311: [DefNew: 960K->63K(960K), 0.0022465 secs] 426044K->426039K(524224K), 0.0022756 secs] [Times: user=0.00 sys=0.00, real=0.00 secs] 
2.315: [GC (Allocation Failure) 2.315: [DefNew: 959K->64K(960K), 0.0019211 secs] 426935K->426929K(524224K), 0.0019497 secs] [Times: user=0.00 sys=0.00, real=0.00 secs] 
2.319: [GC (Allocation Failure) 2.319: [DefNew: 960K->64K(960K), 0.0024869 secs] 427826K->427821K(524224K), 0.0025176 secs] [Times: user=0.02 sys=0.00, real=0.00 secs] 
2.325: [GC (Allocation Failure) 2.325: [DefNew: 960K->63K(960K), 0.0024142 secs] 428717K->428711K(524224K), 0.0024632 secs] [Times: user=0.00 sys=0.00, real=0.00 secs] 
2.331: [GC (Allocation Failure) 2.331: [DefNew: 959K->63K(960K), 0.0022630 secs] 429608K->429602K(524224K), 0.0022910 secs] [Times: user=0.00 sys=0.00, real=0.00 secs] 
2.337: [GC (Allocation Failure) 2.337: [DefNew: 959K->63K(960K), 0.0022187 secs] 430500K->430494K(524224K), 0.0022473 secs] [Times: user=0.00 sys=0.00, real=0.00 secs] 
2.341: [GC (Allocation Failure) 2.342: [DefNew: 959K->63K(960K), 0.0021656 secs] 431391K->431382K(524224K), 0.0021949 secs] [Times: user=0.00 sys=0.00, real=0.00 secs] 
2.347: [GC (Allocation Failure) 2.347: [DefNew: 959K->64K(960K), 0.0020256 secs] 432279K->432273K(524224K), 0.0020545 secs] [Times: user=0.00 sys=0.00, real=0.00 secs] 
2.352: [GC (Allocation Failure) 2.352: [DefNew: 960K->63K(960K), 0.0023168 secs] 433170K->433164K(524224K), 0.0023437 secs] [Times: user=0.00 sys=0.00, real=0.00 secs] 
2.358: [GC (Allocation Failure) 2.358: [DefNew: 959K->64K(960K), 0.0023869 secs] 434060K->434053K(524224K), 0.0024171 secs] [Times: user=0.00 sys=0.00, real=0.00 secs] 
2.362: [GC (Allocation Failure) 2.362: [DefNew: 960K->63K(960K), 0.0020718 secs] 434951K->434944K(524224K), 0.0021014 secs] [Times: user=0.00 sys=0.00, real=0.00 secs] 
2.367: [GC (Allocation Failure) 2.367: [DefNew: 959K->63K(960K), 0.0027887 secs] 435840K->435835K(524224K), 0.0028359 secs] [Times: user=0.00 sys=0.00, real=0.00 secs] 
2.372: [GC (Allocation Failure) 2.372: [DefNew: 959K->64K(960K), 0.0021862 secs] 436731K->436726K(524224K), 0.0022254 secs] [Times: user=0.00 sys=0.00, real=0.00 secs] 
2.378: [GC (Allocation Failure) 2.378: [DefNew: 960K->63K(960K), 0.0022118 secs] 437622K->437617K(524224K), 0.0022413 secs] [Times: user=0.00 sys=0.00, real=0.00 secs] 
2.381: [GC (Allocation Failure) 2.381: [DefNew: 959K->63K(960K), 0.0028607 secs] 438513K->438508K(524224K), 0.0029179 secs] [Times: user=0.02 sys=0.00, real=0.00 secs] 
2.388: [GC (Allocation Failure) 2.388: [DefNew: 959K->64K(960K), 0.0021488 secs] 439404K->439398K(524224K), 0.0021853 secs] [Times: user=0.00 sys=0.00, real=0.00 secs] 
2.392: [GC (Allocation Failure) 2.392: [DefNew: 960K->63K(960K), 0.0020507 secs] 440294K->440290K(524224K), 0.0020785 secs] [Times: user=0.00 sys=0.00, real=0.00 secs] 
2.396: [GC (Allocation Failure) 2.396: [DefNew: 959K->63K(960K), 0.0022272 secs] 441187K->441181K(524224K), 0.0022562 secs] [Times: user=0.01 sys=0.00, real=0.00 secs] 
2.400: [GC (Allocation Failure) 2.400: [DefNew: 959K->64K(960K), 0.0022146 secs] 442077K->442071K(524224K), 0.0022758 secs] [Times: user=0.00 sys=0.00, real=0.00 secs] 
2.406: [GC (Allocation Failure) 2.406: [DefNew: 960K->63K(960K), 0.0022555 secs] 442967K->442963K(524224K), 0.0022854 secs] [Times: user=0.00 sys=0.00, real=0.00 secs] 
2.410: [GC (Allocation Failure) 2.410: [DefNew: 959K->63K(960K), 0.0020476 secs] 443861K->443854K(524224K), 0.0020754 secs] [Times: user=0.00 sys=0.00, real=0.00 secs] 
2.416: [GC (Allocation Failure) 2.416: [DefNew: 959K->63K(960K), 0.0021006 secs] 444751K->444746K(524224K), 0.0021300 secs] [Times: user=0.00 sys=0.00, real=0.00 secs] 
2.420: [GC (Allocation Failure) 2.420: [DefNew: 959K->64K(960K), 0.0019834 secs] 445642K->445635K(524224K), 0.0020122 secs] [Times: user=0.00 sys=0.00, real=0.00 secs] 
2.426: [GC (Allocation Failure) 2.426: [DefNew: 960K->64K(960K), 0.0021074 secs] 446531K->446526K(524224K), 0.0021345 secs] [Times: user=0.00 sys=0.00, real=0.00 secs] 
2.429: [GC (Allocation Failure) 2.429: [DefNew: 960K->63K(960K), 0.0027647 secs] 447423K->447418K(524224K), 0.0027935 secs] [Times: user=0.02 sys=0.00, real=0.00 secs] 
2.434: [GC (Allocation Failure) 2.434: [DefNew: 959K->63K(960K), 0.0020155 secs] 448315K->448309K(524224K), 0.0020464 secs] [Times: user=0.00 sys=0.00, real=0.00 secs] 
2.437: [GC (Allocation Failure) 2.437: [DefNew: 959K->63K(960K), 0.0021936 secs] 449205K->449199K(524224K), 0.0022252 secs] [Times: user=0.00 sys=0.00, real=0.00 secs] 
2.442: [GC (Allocation Failure) 2.442: [DefNew: 959K->63K(960K), 0.0021477 secs] 450097K->450091K(524224K), 0.0021758 secs] [Times: user=0.00 sys=0.00, real=0.00 secs] 
2.446: [GC (Allocation Failure) 2.446: [DefNew: 959K->63K(960K), 0.0026013 secs] 450989K->450981K(524224K), 0.0026581 secs] [Times: user=0.00 sys=0.00, real=0.00 secs] 
2.452: [GC (Allocation Failure) 2.452: [DefNew: 959K->63K(960K), 0.0020786 secs] 451877K->451870K(524224K), 0.0021055 secs] [Times: user=0.00 sys=0.00, real=0.00 secs] 
2.456: [GC (Allocation Failure) 2.456: [DefNew: 959K->63K(960K), 0.0021091 secs] 452768K->452761K(524224K), 0.0021351 secs] [Times: user=0.00 sys=0.00, real=0.00 secs] 
2.462: [GC (Allocation Failure) 2.462: [DefNew: 959K->63K(960K), 0.0025784 secs] 453659K->453652K(524224K), 0.0026190 secs] [Times: user=0.00 sys=0.00, real=0.00 secs] 
2.466: [GC (Allocation Failure) 2.466: [DefNew: 959K->63K(960K), 0.0019574 secs] 454549K->454543K(524224K), 0.0019846 secs] [Times: user=0.00 sys=0.00, real=0.00 secs] 
2.472: [GC (Allocation Failure) 2.472: [DefNew: 959K->63K(960K), 0.0021337 secs] 455439K->455432K(524224K), 0.0021629 secs] [Times: user=0.00 sys=0.00, real=0.00 secs] 
2.475: [GC (Allocation Failure) 2.475: [DefNew: 959K->64K(960K), 0.0019860 secs] 456330K->456323K(524224K), 0.0020107 secs] [Times: user=0.01 sys=0.00, real=0.00 secs] 
2.481: [GC (Allocation Failure) 2.481: [DefNew: 960K->63K(960K), 0.0022428 secs] 457222K->457215K(524224K), 0.0022681 secs] [Times: user=0.00 sys=0.00, real=0.00 secs] 
2.487: [GC (Allocation Failure) 2.487: [DefNew: 959K->64K(960K), 0.0020905 secs] 458112K->458105K(524224K), 0.0021404 secs] [Times: user=0.00 sys=0.00, real=0.00 secs] 
2.490: [GC (Allocation Failure) 2.490: [DefNew: 960K->64K(960K), 0.0021404 secs] 459001K->458995K(524224K), 0.0021669 secs] [Times: user=0.02 sys=0.00, real=0.00 secs] 
2.511: [GC (Allocation Failure) 2.511: [DefNew: 960K->63K(960K), 0.0118114 secs] 468083K->468077K(524224K), 0.0118650 secs] [Times: user=0.00 sys=0.00, real=0.01 secs] 
2.540: [GC (Allocation Failure) 2.540: [DefNew: 959K->63K(960K), 0.0112273 secs] 468974K->468967K(524224K), 0.0112779 secs] [Times: user=0.00 sys=0.00, real=0.01 secs] 
2.553: [GC (Allocation Failure) 2.553: [DefNew: 959K->64K(960K), 0.0021020 secs] 469865K->469848K(524224K), 0.0021298 secs] [Times: user=0.02 sys=0.00, real=0.00 secs] 
2.559: [GC (Allocation Failure) 2.559: [DefNew: 960K->64K(960K), 0.0022318 secs] 470744K->470733K(524224K), 0.0022710 secs] [Times: user=0.00 sys=0.00, real=0.00 secs] 
2.563: [GC (Allocation Failure) 2.563: [DefNew: 960K->63K(960K), 0.0020446 secs] 471629K->471617K(524224K), 0.0020692 secs] [Times: user=0.00 sys=0.00, real=0.00 secs] 
2.569: [GC (Allocation Failure) 2.569: [DefNew: 959K->63K(960K), 0.0019483 secs] 472514K->472504K(524224K), 0.0019945 secs] [Times: user=0.01 sys=0.00, real=0.00 secs] 
2.573: [GC (Allocation Failure) 2.573: [DefNew: 959K->63K(960K), 0.0022257 secs] 473400K->473389K(524224K), 0.0022597 secs] [Times: user=0.00 sys=0.00, real=0.00 secs] 
2.579: [GC (Allocation Failure) 2.579: [DefNew: 959K->63K(960K), 0.0021799 secs] 474286K->474282K(524224K), 0.0022087 secs] [Times: user=0.00 sys=0.00, real=0.00 secs] 
2.583: [GC (Allocation Failure) 2.583: [DefNew: 959K->63K(960K), 0.0020574 secs] 475178K->475170K(524224K), 0.0020855 secs] [Times: user=0.00 sys=0.00, real=0.00 secs] 
2.589: [GC (Allocation Failure) 2.589: [DefNew: 959K->64K(960K), 0.0030763 secs] 476066K->476047K(524224K), 0.0031043 secs] [Times: user=0.00 sys=0.00, real=0.00 secs] 
2.594: [GC (Allocation Failure) 2.594: [DefNew: 960K->63K(960K), 0.0020217 secs] 476943K->476933K(524224K), 0.0020496 secs] [Times: user=0.00 sys=0.00, real=0.00 secs] 
2.599: [GC (Allocation Failure) 2.599: [DefNew: 959K->63K(960K), 0.0019867 secs] 477831K->477820K(524224K), 0.0020116 secs] [Times: user=0.00 sys=0.00, real=0.00 secs] 
2.603: [GC (Allocation Failure) 2.603: [DefNew: 959K->63K(960K), 0.0020761 secs] 478716K->478708K(524224K), 0.0021053 secs] [Times: user=0.00 sys=0.00, real=0.00 secs] 
2.609: [GC (Allocation Failure) 2.609: [DefNew: 959K->63K(960K), 0.0019899 secs] 479604K->479592K(524224K), 0.0020202 secs] [Times: user=0.00 sys=0.00, real=0.00 secs] 
2.612: [GC (Allocation Failure) 2.612: [DefNew: 959K->63K(960K), 0.0020328 secs] 480489K->480478K(524224K), 0.0020742 secs] [Times: user=0.00 sys=0.00, real=0.00 secs] 
2.618: [GC (Allocation Failure) 2.618: [DefNew: 959K->63K(960K), 0.0021400 secs] 481374K->481366K(524224K), 0.0021746 secs] [Times: user=0.00 sys=0.00, real=0.00 secs] 
2.622: [GC (Allocation Failure) 2.622: [DefNew: 959K->63K(960K), 0.0020382 secs] 482262K->482255K(524224K), 0.0020742 secs] [Times: user=0.00 sys=0.00, real=0.00 secs] 
2.627: [GC (Allocation Failure) 2.627: [DefNew: 959K->63K(960K), 0.0020408 secs] 483152K->483141K(524224K), 0.0020688 secs] [Times: user=0.00 sys=0.00, real=0.00 secs] 
2.630: [GC (Allocation Failure) 2.630: [DefNew: 959K->63K(960K), 0.0018820 secs] 484037K->484020K(524224K), 0.0019082 secs] [Times: user=0.00 sys=0.00, real=0.00 secs] 
2.636: [GC (Allocation Failure) 2.636: [DefNew: 959K->64K(960K), 0.0019210 secs] 484918K->484910K(524224K), 0.0019481 secs] [Times: user=0.00 sys=0.00, real=0.00 secs] 
2.641: [GC (Allocation Failure) 2.641: [DefNew: 960K->64K(960K), 0.0018398 secs] 485807K->485796K(524224K), 0.0018684 secs] [Times: user=0.00 sys=0.00, real=0.00 secs] 
2.646: [GC (Allocation Failure) 2.646: [DefNew: 960K->64K(960K), 0.0019885 secs] 486692K->486681K(524224K), 0.0020165 secs] [Times: user=0.00 sys=0.00, real=0.00 secs] 
2.651: [GC (Allocation Failure) 2.651: [DefNew: 960K->63K(960K), 0.0019924 secs] 487578K->487565K(524224K), 0.0020199 secs] [Times: user=0.00 sys=0.00, real=0.00 secs] 
2.656: [GC (Allocation Failure) 2.656: [DefNew: 959K->64K(960K), 0.0020458 secs] 488461K->488452K(524224K), 0.0020737 secs] [Times: user=0.00 sys=0.00, real=0.00 secs] 
2.661: [GC (Allocation Failure) 2.661: [DefNew: 960K->63K(960K), 0.0020252 secs] 489350K->489342K(524224K), 0.0020511 secs] [Times: user=0.00 sys=0.00, real=0.00 secs] 
2.666: [GC (Allocation Failure) 2.666: [DefNew: 959K->63K(960K), 0.0019931 secs] 490239K->490221K(524224K), 0.0020198 secs] [Times: user=0.00 sys=0.00, real=0.00 secs] 
2.671: [GC (Allocation Failure) 2.671: [DefNew: 959K->63K(960K), 0.0020684 secs] 491117K->491107K(524224K), 0.0020945 secs] [Times: user=0.00 sys=0.00, real=0.00 secs] 
2.676: [GC (Allocation Failure) 2.676: [DefNew: 959K->63K(960K), 0.0019874 secs] 492004K->491993K(524224K), 0.0020131 secs] [Times: user=0.00 sys=0.00, real=0.00 secs] 
2.681: [GC (Allocation Failure) 2.681: [DefNew: 959K->63K(960K), 0.0020486 secs] 492889K->492872K(524224K), 0.0020794 secs] [Times: user=0.00 sys=0.00, real=0.00 secs] 
2.686: [GC (Allocation Failure) 2.686: [DefNew: 959K->64K(960K), 0.0024011 secs] 493768K->493756K(524224K), 0.0024332 secs] [Times: user=0.00 sys=0.00, real=0.00 secs] 
2.691: [GC (Allocation Failure) 2.691: [DefNew: 960K->63K(960K), 0.0020746 secs] 494653K->494643K(524224K), 0.0021065 secs] [Times: user=0.00 sys=0.00, real=0.00 secs] 
2.696: [GC (Allocation Failure) 2.696: [DefNew: 959K->63K(960K), 0.0023766 secs] 495539K->495517K(524224K), 0.0024050 secs] [Times: user=0.00 sys=0.00, real=0.00 secs] 
2.701: [GC (Allocation Failure) 2.701: [DefNew: 959K->63K(960K), 0.0020264 secs] 496414K->496407K(524224K), 0.0020540 secs] [Times: user=0.00 sys=0.00, real=0.00 secs] 
2.705: [GC (Allocation Failure) 2.705: [DefNew: 959K->64K(960K), 0.0020285 secs] 497303K->497291K(524224K), 0.0020552 secs] [Times: user=0.00 sys=0.00, real=0.00 secs] 
2.709: [GC (Allocation Failure) 2.709: [DefNew: 960K->63K(960K), 0.0019926 secs] 498187K->498175K(524224K), 0.0020197 secs] [Times: user=0.02 sys=0.00, real=0.00 secs] 
2.714: [GC (Allocation Failure) 2.714: [DefNew: 959K->63K(960K), 0.0025188 secs] 499073K->499059K(524224K), 0.0025455 secs] [Times: user=0.00 sys=0.00, real=0.00 secs] 
2.719: [GC (Allocation Failure) 2.719: [DefNew: 959K->63K(960K), 0.0019307 secs] 499955K->499945K(524224K), 0.0019575 secs] [Times: user=0.00 sys=0.00, real=0.00 secs] 
2.724: [GC (Allocation Failure) 2.724: [DefNew: 959K->63K(960K), 0.0019128 secs] 500842K->500831K(524224K), 0.0019395 secs] [Times: user=0.00 sys=0.00, real=0.00 secs] 
2.728: [GC (Allocation Failure) 2.728: [DefNew: 959K->63K(960K), 0.0024199 secs] 501727K->501719K(524224K), 0.0024758 secs] [Times: user=0.00 sys=0.00, real=0.00 secs] 
2.735: [GC (Allocation Failure) 2.735: [DefNew: 959K->64K(960K), 0.0019315 secs] 502616K->502607K(524224K), 0.0019596 secs] [Times: user=0.00 sys=0.00, real=0.00 secs] 
2.739: [GC (Allocation Failure) 2.739: [DefNew: 960K->64K(960K), 0.0018752 secs] 503504K->503490K(524224K), 0.0019002 secs] [Times: user=0.00 sys=0.00, real=0.00 secs] 
2.745: [GC (Allocation Failure) 2.745: [DefNew: 960K->63K(960K), 0.0020249 secs] 504386K->504371K(524224K), 0.0020557 secs] [Times: user=0.00 sys=0.00, real=0.00 secs] 
2.749: [GC (Allocation Failure) 2.749: [DefNew: 959K->63K(960K), 0.0024068 secs] 505268K->505260K(524224K), 0.0024343 secs] [Times: user=0.00 sys=0.00, real=0.00 secs] 
2.755: [GC (Allocation Failure) 2.755: [DefNew: 959K->64K(960K), 0.0021186 secs] 506156K->506144K(524224K), 0.0021541 secs] [Times: user=0.00 sys=0.00, real=0.00 secs] 
2.759: [GC (Allocation Failure) 2.759: [DefNew: 960K->63K(960K), 0.0025427 secs] 507041K->507026K(524224K), 0.0025718 secs] [Times: user=0.00 sys=0.00, real=0.00 secs] 
2.764: [GC (Allocation Failure) 2.764: [DefNew: 959K->63K(960K), 0.0019361 secs] 507922K->507909K(524224K), 0.0019636 secs] [Times: user=0.00 sys=0.00, real=0.00 secs] 
2.768: [GC (Allocation Failure) 2.768: [DefNew: 959K->63K(960K), 0.0020772 secs] 508805K->508798K(524224K), 0.0021038 secs] [Times: user=0.00 sys=0.00, real=0.00 secs] 
2.773: [GC (Allocation Failure) 2.773: [DefNew: 959K->64K(960K), 0.0019774 secs] 509695K->509688K(524224K), 0.0020023 secs] [Times: user=0.00 sys=0.00, real=0.00 secs] 
2.777: [GC (Allocation Failure) 2.777: [DefNew: 960K->63K(960K), 0.0019843 secs] 510584K->510574K(524224K), 0.0020135 secs] [Times: user=0.00 sys=0.00, real=0.00 secs] 
2.783: [GC (Allocation Failure) 2.783: [DefNew: 959K->64K(960K), 0.0021590 secs] 511471K->511459K(524224K), 0.0021859 secs] [Times: user=0.00 sys=0.00, real=0.00 secs] 
2.787: [GC (Allocation Failure) 2.787: [DefNew: 960K->63K(960K), 0.0032243 secs] 512355K->512342K(524224K), 0.0032861 secs] [Times: user=0.01 sys=0.00, real=0.00 secs] 
2.794: [GC (Allocation Failure) 2.794: [DefNew: 959K->63K(960K), 0.0021548 secs] 513238K->513228K(524224K), 0.0021824 secs] [Times: user=0.00 sys=0.00, real=0.00 secs] 
2.797: [GC (Allocation Failure) 2.797: [DefNew: 959K->63K(960K), 0.0024883 secs] 514125K->514110K(524224K), 0.0025172 secs] [Times: user=0.00 sys=0.00, real=0.00 secs] 
2.803: [GC (Allocation Failure) 2.803: [DefNew: 959K->63K(960K), 0.0020612 secs] 515006K->514998K(524224K), 0.0020926 secs] [Times: user=0.00 sys=0.02, real=0.00 secs] 
2.807: [GC (Allocation Failure) 2.807: [DefNew: 959K->64K(960K), 0.0020200 secs] 515895K->515883K(524224K), 0.0020553 secs] [Times: user=0.00 sys=0.00, real=0.00 secs] 
2.813: [GC (Allocation Failure) 2.813: [DefNew: 960K->64K(960K), 0.0025851 secs] 516779K->516771K(524224K), 0.0026137 secs] [Times: user=0.00 sys=0.00, real=0.00 secs] 
2.817: [GC (Allocation Failure) 2.817: [DefNew: 960K->63K(960K), 0.0019425 secs] 517668K->517659K(524224K), 0.0019694 secs] [Times: user=0.00 sys=0.00, real=0.00 secs] 
2.822: [GC (Allocation Failure) 2.822: [DefNew: 959K->64K(960K), 0.0020495 secs] 518555K->518543K(524224K), 0.0020840 secs] [Times: user=0.00 sys=0.00, real=0.00 secs] 
2.828: [GC (Allocation Failure) 2.828: [DefNew: 960K->63K(960K), 0.0025333 secs] 519439K->519429K(524224K), 0.0025600 secs] [Times: user=0.00 sys=0.00, real=0.00 secs] 
2.832: [GC (Allocation Failure) 2.832: [DefNew: 959K->64K(960K), 0.0019289 secs] 520326K->520312K(524224K), 0.0019571 secs] [Times: user=0.00 sys=0.00, real=0.00 secs] 
2.837: [GC (Allocation Failure) 2.837: [DefNew: 960K->64K(960K), 0.0019452 secs] 521208K->521193K(524224K), 0.0019787 secs] [Times: user=0.00 sys=0.00, real=0.00 secs] 
2.841: [GC (Allocation Failure) 2.841: [DefNew: 960K->63K(960K), 0.0019493 secs] 522091K->522077K(524224K), 0.0019772 secs] [Times: user=0.00 sys=0.00, real=0.00 secs] 
2.846: [GC (Allocation Failure) 2.846: [DefNew: 959K->63K(960K), 0.0020700 secs] 522973K->522969K(524224K), 0.0020963 secs] [Times: user=0.00 sys=0.00, real=0.00 secs] 
2.849: [GC (Allocation Failure) 2.849: [DefNew: 959K->959K(960K), 0.0000111 secs]2.849: [Tenured: 522905K->523263K(523264K), 0.2797514 secs] 523865K->523857K(524224K), [Metaspace: 3820K->3820K(1056768K)], 0.2798233 secs] [Times: user=0.28 sys=0.00, real=0.28 secs] 
3.130: [Full GC (Allocation Failure) 3.130: [Tenured: 523263K->523263K(523264K), 0.2765300 secs] 524159K->524157K(524224K), [Metaspace: 3820K->3820K(1056768K)], 0.2765796 secs] [Times: user=0.28 sys=0.00, real=0.28 secs] 
3.407: [Full GC (Allocation Failure) 3.407: [Tenured: 523263K->513591K(523264K), 0.3773355 secs] 524157K->513591K(524224K), [Metaspace: 3820K->3820K(1056768K)], 0.3773827 secs] [Times: user=0.38 sys=0.00, real=0.38 secs] 
3.787: [GC (Allocation Failure) 3.787: [DefNew: 896K->64K(960K), 0.0011957 secs] 514530K->514501K(524224K), 0.0012256 secs] [Times: user=0.00 sys=0.00, real=0.00 secs] 
3.791: [GC (Allocation Failure) 3.791: [DefNew: 960K->63K(960K), 0.0019594 secs] 515428K->515413K(524224K), 0.0019978 secs] [Times: user=0.00 sys=0.00, real=0.00 secs] 
3.795: [GC (Allocation Failure) 3.795: [DefNew: 959K->63K(960K), 0.0019753 secs] 516311K->516301K(524224K), 0.0020052 secs] [Times: user=0.00 sys=0.00, real=0.00 secs] 
3.800: [GC (Allocation Failure) 3.800: [DefNew: 959K->64K(960K), 0.0018758 secs] 517197K->517188K(524224K), 0.0019027 secs] [Times: user=0.00 sys=0.00, real=0.00 secs] 
3.805: [GC (Allocation Failure) 3.805: [DefNew: 960K->63K(960K), 0.0019705 secs] 518128K->518113K(524224K), 0.0020013 secs] [Times: user=0.00 sys=0.00, real=0.00 secs] 
3.810: [GC (Allocation Failure) 3.810: [DefNew: 959K->64K(960K), 0.0017609 secs] 519011K->518997K(524224K), 0.0017949 secs] [Times: user=0.00 sys=0.00, real=0.00 secs] 
3.815: [GC (Allocation Failure) 3.815: [DefNew: 960K->63K(960K), 0.0017317 secs] 519919K->519903K(524224K), 0.0017583 secs] [Times: user=0.00 sys=0.00, real=0.00 secs] 
3.819: [GC (Allocation Failure) 3.819: [DefNew: 959K->64K(960K), 0.0018188 secs] 520874K->520856K(524224K), 0.0018604 secs] [Times: user=0.02 sys=0.00, real=0.00 secs] 
3.824: [GC (Allocation Failure) 3.824: [DefNew: 960K->63K(960K), 0.0018117 secs] 521752K->521744K(524224K), 0.0018468 secs] [Times: user=0.00 sys=0.00, real=0.00 secs] 
3.827: [GC (Allocation Failure) 3.828: [DefNew: 959K->63K(960K), 0.0018205 secs] 522641K->522628K(524224K), 0.0018471 secs] [Times: user=0.00 sys=0.00, real=0.00 secs] 
3.833: [GC (Allocation Failure) 3.833: [DefNew: 959K->959K(960K), 0.0000110 secs]3.833: [Tenured: 522564K->523263K(523264K), 0.3268521 secs] 523524K->523512K(524224K), [Metaspace: 3820K->3820K(1056768K)], 0.3269184 secs] [Times: user=0.33 sys=0.00, real=0.33 secs] 
4.162: [Full GC (Allocation Failure) 4.162: [Tenured: 523263K->523263K(523264K), 0.3498979 secs] 524153K->524076K(524224K), [Metaspace: 3820K->3820K(1056768K)], 0.3499461 secs] [Times: user=0.34 sys=0.01, real=0.35 secs] 
4.512: [Full GC (Allocation Failure) 4.513: [Tenured: 523263K->523263K(523264K), 0.3502225 secs] 524076K->524076K(524224K), [Metaspace: 3820K->3820K(1056768K)], 0.3502759 secs] [Times: user=0.33 sys=0.02, real=0.35 secs] 
Heap
 def new generation   total 960K, used 853K [0x00000000e0000000, 0x00000000e0100000, 0x00000000e0100000)
  eden space 896K,  95% used [0x00000000e0000000, 0x00000000e00d56d8, 0x00000000e00e0000)
  from space 64K,   0% used [0x00000000e00e0000, 0x00000000e00e0000, 0x00000000e00f0000)
  to   space 64K,   0% used [0x00000000e00f0000, 0x00000000e00f0000, 0x00000000e0100000)
 tenured generation   total 523264K, used 523263K [0x00000000e0100000, 0x0000000100000000, 0x0000000100000000)
   the space 523264K,  99% used [0x00000000e0100000, 0x00000000ffffff70, 0x0000000100000000, 0x0000000100000000)
 Metaspace       used 3852K, capacity 4540K, committed 4864K, reserved 1056768K
  class space    used 424K, capacity 428K, committed 512K, reserved 1048576K
